
> lenspirecrm-web@1.0.0 dev
> next dev --hostname 127.0.0.1

▲ Next.js 16.3.4 (Turbopack)
- Local:         http://127.0.0.1:3000
- Network:       http://127.0.0.1:3000
- Environments: .env
✓ Ready in 1140ms
✓ Running next.config.mjs took 23ms

 GET / 200 in 1837ms (next.js: 1417ms, application-code: 420ms)
 GET / 200 in 35ms (next.js: 4ms, application-code: 32ms)
 GET / 200 in 72ms (next.js: 6ms, application-code: 66ms)
 GET /manifest.webmanifest 200 in 117ms (next.js: 95ms, application-code: 22ms)
 GET / 200 in 38ms (next.js: 4ms, application-code: 34ms)
 GET /?oneplus-preview=2818022134 200 in 56ms (next.js: 9ms, application-code: 46ms)
 GET /manifest.webmanifest 200 in 10ms (next.js: 4ms, application-code: 6ms)
✓ Compiled in 145ms
 GET / 200 in 52ms (next.js: 4ms, application-code: 49ms)
 GET / 200 in 71ms (next.js: 5ms, application-code: 66ms)
✓ Compiled in 115ms
 GET / 200 in 36ms (next.js: 3ms, application-code: 32ms)
✓ Compiled in 158ms
 GET / 200 in 141ms (next.js: 20ms, application-code: 121ms)
 GET /?oneplus-preview=2818022134 200 in 143ms (next.js: 49ms, application-code: 93ms)
 GET / 200 in 144ms (next.js: 74ms, application-code: 70ms)
 GET /manifest.webmanifest 200 in 29ms (next.js: 20ms, application-code: 9ms)
 GET /manifest.webmanifest 200 in 7ms (next.js: 1.8ms, application-code: 5ms)
✓ Compiled in 268ms
✓ Compiled in 156ms
 GET / 200 in 123ms (next.js: 44ms, application-code: 79ms)
 GET / 200 in 125ms (next.js: 71ms, application-code: 53ms)
 GET /?oneplus-preview=2818022134 200 in 134ms (next.js: 99ms, application-code: 34ms)
 GET /manifest.webmanifest 200 in 12ms (next.js: 4ms, application-code: 8ms)
 GET /manifest.webmanifest 200 in 9ms (next.js: 3ms, application-code: 6ms)
✓ Compiled in 164ms
✓ Compiled in 150ms
✓ Compiled in 156ms
✓ Compiled in 141ms
✓ Compiled in 2.4s
✓ Compiled in 161ms
✓ Compiled in 160ms
✓ Compiled in 167ms
✓ Compiled in 267ms
✓ Compiled in 619ms
✓ Compiled in 3.5s
✓ Compiled in 283ms
✓ Compiled in 166ms
✓ Compiled in 154ms
✓ Compiled in 161ms
✓ Compiled in 154ms
✓ Compiled in 127ms
✓ Compiled in 127ms
 GET /?oneplus-preview=2818022134 200 in 69ms (next.js: 9ms, application-code: 59ms)
 GET /manifest.webmanifest 200 in 16ms (next.js: 7ms, application-code: 9ms)
 GET / 200 in 56ms (next.js: 10ms, application-code: 46ms)
✓ Compiled in 163ms
 GET / 200 in 42ms (next.js: 3ms, application-code: 39ms)
✓ Compiled in 154ms
✓ Compiled in 167ms
✓ Compiled in 160ms
✓ Compiled in 149ms
✓ Compiled in 157ms
✓ Compiled in 162ms
✓ Compiled in 150ms
✓ Compiled in 3.9s
✓ Compiled in 1511ms
✓ Compiled in 158ms
✓ Compiled in 297ms
✓ Compiled in 116ms
 GET / 200 in 109ms (next.js: 19ms, application-code: 90ms)
 GET /?oneplus-preview=2818022134 200 in 115ms (next.js: 53ms, application-code: 62ms)
 GET / 200 in 116ms (next.js: 79ms, application-code: 37ms)
 GET /manifest.webmanifest 200 in 18ms (next.js: 9ms, application-code: 9ms)
 GET /manifest.webmanifest 200 in 9ms (next.js: 3ms, application-code: 6ms)
✓ Compiled in 121ms
✓ Compiled in 279ms
✓ Compiled in 183ms
✓ Compiled in 162ms
✓ Compiled in 127ms
✓ Compiled in 157ms
✓ Compiled in 167ms
✓ Compiled in 162ms
✓ Compiled in 480ms
 GET / 200 in 182ms (next.js: 103ms, application-code: 79ms)
 GET / 200 in 212ms (next.js: 52ms, application-code: 159ms)
 GET /?oneplus-preview=2818022134 200 in 339ms (next.js: 130ms, application-code: 209ms)
 GET /manifest.webmanifest 200 in 17ms (next.js: 7ms, application-code: 9ms)
 GET /manifest.webmanifest 200 in 8ms (next.js: 3ms, application-code: 5ms)
 GET / 200 in 42ms (next.js: 3ms, application-code: 39ms)
 GET / 200 in 39ms (next.js: 2ms, application-code: 37ms)
