▲ Next.js 16.3.4 (Turbopack)
- Local:         http://localhost:3000
- Network:       http://192.168.0.104:3000
- Environments: .env
✓ Ready in 581ms
✓ Running next.config.mjs took 22ms

 GET / 200 in 1683ms (next.js: 647ms, application-code: 1036ms)
 GET /client-portal/login?studio=ankit-studios-f5fca24a 200 in 1700ms (next.js: 775ms, application-code: 925ms)
 GET / 200 in 1057ms (next.js: 173ms, application-code: 884ms)
 GET /manifest.webmanifest 200 in 182ms (next.js: 153ms, application-code: 29ms)
 GET / 200 in 42ms (next.js: 4ms, application-code: 39ms)
✓ Compiled in 139ms
 GET / 200 in 40ms (next.js: 4ms, application-code: 36ms)
 GET / 200 in 40ms (next.js: 4ms, application-code: 36ms)
 GET /manifest.webmanifest 200 in 20ms (next.js: 5ms, application-code: 14ms)
 GET / 200 in 31ms (next.js: 10ms, application-code: 21ms)
✓ Compiled in 390ms
 GET /manifest.webmanifest 200 in 9ms (next.js: 4ms, application-code: 5ms)
 GET / 200 in 65ms (next.js: 11ms, application-code: 55ms)
✓ Compiled in 230ms
 GET / 200 in 52ms (next.js: 16ms, application-code: 36ms)
 GET /manifest.webmanifest 200 in 15ms (next.js: 4ms, application-code: 10ms)
 GET / 200 in 31ms (next.js: 5ms, application-code: 26ms)
✓ Compiled in 144ms
 GET / 200 in 52ms (next.js: 6ms, application-code: 46ms)
✓ Compiled in 140ms
✓ Compiled in 135ms
 GET / 200 in 26ms (next.js: 7ms, application-code: 18ms)
✓ Compiled in 147ms
 GET /manifest.webmanifest 200 in 29ms (next.js: 2ms, application-code: 27ms)
✓ Compiled in 114ms
 GET / 200 in 47ms (next.js: 4ms, application-code: 43ms)
✓ Compiled in 414ms
✓ Finished filesystem cache database compaction in 21.0s
✓ Compiled in 119ms
✓ Compiled in 135ms
✓ Compiled in 131ms
 GET / 200 in 26ms (next.js: 8ms, application-code: 18ms)
✓ Compiled in 115ms
 GET /manifest.webmanifest 200 in 8ms (next.js: 2ms, application-code: 6ms)
✓ Compiled in 162ms
 GET / 200 in 27ms (next.js: 9ms, application-code: 18ms)
✓ Compiled in 201ms
 GET /manifest.webmanifest 200 in 6ms (next.js: 2ms, application-code: 4ms)
✓ Compiled in 130ms
✓ Compiled in 145ms
✓ Compiled in 149ms
 GET / 200 in 41ms (next.js: 10ms, application-code: 31ms)
✓ Compiled in 133ms
 GET /manifest.webmanifest 200 in 10ms (next.js: 3ms, application-code: 7ms)
✓ Compiled in 148ms
✓ Compiled in 160ms
 GET / 200 in 27ms (next.js: 11ms, application-code: 16ms)
✓ Compiled in 209ms
 GET /manifest.webmanifest 200 in 9ms (next.js: 3ms, application-code: 6ms)
 GET / 200 in 27ms (next.js: 9ms, application-code: 18ms)
✓ Compiled in 327ms
 GET /manifest.webmanifest 200 in 9ms (next.js: 3ms, application-code: 6ms)
 GET / 200 in 38ms (next.js: 10ms, application-code: 28ms)
✓ Compiled in 130ms
 GET /manifest.webmanifest 200 in 11ms (next.js: 2ms, application-code: 8ms)
 GET / 200 in 85ms (next.js: 4ms, application-code: 82ms)
✓ Compiled in 140ms
✓ Compiled in 168ms
 GET / 200 in 63ms (next.js: 14ms, application-code: 49ms)
 GET / 200 in 26ms (next.js: 5ms, application-code: 21ms)
 GET /manifest.webmanifest 200 in 14ms (next.js: 4ms, application-code: 9ms)
✓ Compiled in 142ms
 GET / 200 in 38ms (next.js: 3ms, application-code: 35ms)
▲ Next.js 16.3.4 (Turbopack)
- Local:         http://localhost:3000
- Network:       http://192.168.0.104:3000
- Environments: .env
✓ Ready in 1615ms
✓ Running next.config.mjs took 107ms

○ Compiling / ...
 GET / 200 in 18.6s (next.js: 18.0s, application-code: 674ms)
 GET /manifest.webmanifest 200 in 246ms (next.js: 216ms, application-code: 30ms)
✓ Compiled in 323ms
✓ Compiled in 131ms
 GET / 200 in 62ms (next.js: 7ms, application-code: 55ms)
 GET /manifest.webmanifest 200 in 18ms (next.js: 12ms, application-code: 6ms)
✓ Compiled in 131ms
 GET / 200 in 86ms (next.js: 10ms, application-code: 76ms)
 GET /manifest.webmanifest 200 in 14ms (next.js: 6ms, application-code: 8ms)
 GET / 200 in 70ms (next.js: 5ms, application-code: 65ms)
✓ Compiled in 163ms
 GET / 200 in 50ms (next.js: 8ms, application-code: 42ms)
✓ Compiled in 274ms
 GET / 200 in 34ms (next.js: 3ms, application-code: 30ms)
✓ Compiled in 248ms
 GET / 200 in 32ms (next.js: 3ms, application-code: 29ms)
✓ Compiled in 140ms
✓ Compiled in 130ms
 GET / 200 in 48ms (next.js: 4ms, application-code: 43ms)
✓ Compiled in 3.5s
 GET / 200 in 37ms (next.js: 3ms, application-code: 34ms)
✓ Compiled in 147ms
✓ Compiled in 315ms
✓ Compiled in 175ms
✓ Compiled in 135ms
 GET / 200 in 47ms (next.js: 3ms, application-code: 45ms)
 GET / 200 in 50ms (next.js: 6ms, application-code: 44ms)
✓ Compiled in 149ms
 GET / 200 in 43ms (next.js: 3ms, application-code: 40ms)
 GET / 200 in 59ms (next.js: 4ms, application-code: 55ms)
✓ Compiled in 6.2s
 GET / 200 in 98ms (next.js: 17ms, application-code: 81ms)
 GET / 200 in 178ms (next.js: 19ms, application-code: 159ms)
 GET /manifest.webmanifest 200 in 16ms (next.js: 4ms, application-code: 12ms)
 GET / 200 in 73ms (next.js: 13ms, application-code: 60ms)
 GET / 200 in 44ms (next.js: 3ms, application-code: 40ms)
✓ Compiled in 733ms
 GET / 200 in 279ms (next.js: 20ms, application-code: 259ms)
 GET / 200 in 389ms (next.js: 21ms, application-code: 368ms)
 GET / 200 in 469ms (next.js: 10ms, application-code: 459ms)
 GET / 200 in 495ms (next.js: 66ms, application-code: 429ms)
 GET /manifest.webmanifest 200 in 52ms (next.js: 35ms, application-code: 17ms)
 GET / 200 in 499ms (next.js: 39ms, application-code: 460ms)
 GET / 200 in 359ms (next.js: 37ms, application-code: 322ms)
 GET / 200 in 28ms (next.js: 3ms, application-code: 25ms)
 GET / 200 in 47ms (next.js: 3ms, application-code: 44ms)
 GET /manifest.webmanifest 200 in 8ms (next.js: 3ms, application-code: 5ms)
 GET / 200 in 31ms (next.js: 2ms, application-code: 29ms)
 GET /manifest.webmanifest 200 in 8ms (next.js: 4ms, application-code: 5ms)
✓ Compiled in 238ms
 GET / 200 in 37ms (next.js: 3ms, application-code: 34ms)
 GET / 200 in 37ms (next.js: 3ms, application-code: 34ms)
 GET / 200 in 77ms (next.js: 5ms, application-code: 72ms)
 GET /manifest.webmanifest 200 in 31ms (next.js: 22ms, application-code: 9ms)
✓ Compiled in 145ms
 GET / 200 in 39ms (next.js: 3ms, application-code: 37ms)
 GET / 200 in 33ms (next.js: 2ms, application-code: 31ms)
 GET / 200 in 47ms (next.js: 3ms, application-code: 44ms)
 GET / 200 in 36ms (next.js: 3ms, application-code: 33ms)
 GET /manifest.webmanifest 200 in 25ms (next.js: 2ms, application-code: 23ms)
✓ Compiled in 123ms
 GET / 200 in 95ms (next.js: 10ms, application-code: 85ms)
✓ Compiled in 129ms
 GET / 200 in 32ms (next.js: 3ms, application-code: 29ms)
✓ Compiled in 124ms
✓ Compiled in 124ms
 GET / 200 in 37ms (next.js: 3ms, application-code: 34ms)
✓ Compiled in 126ms
✓ Compiled in 286ms
✓ Compiled in 138ms
✓ Compiled in 131ms
 GET / 200 in 58ms (next.js: 5ms, application-code: 53ms)
 GET /manifest.webmanifest 200 in 35ms (next.js: 22ms, application-code: 13ms)
✓ Compiled in 147ms
✓ Compiled in 263ms
✓ Compiled in 141ms
✓ Compiled in 139ms
 GET / 200 in 74ms (next.js: 12ms, application-code: 62ms)
✓ Compiled in 205ms
 GET / 200 in 47ms (next.js: 3ms, application-code: 44ms)
 GET /manifest.webmanifest 200 in 16ms (next.js: 10ms, application-code: 6ms)
✓ Compiled in 377ms
✓ Compiled in 157ms
✓ Compiled in 135ms
✓ Compiled in 268ms
✓ Compiled in 136ms
✓ Compiled in 269ms
✓ Compiled in 117ms
✓ Compiled in 2.1s
✓ Compiled in 130ms
✓ Compiled in 121ms
✓ Compiled in 123ms
✓ Compiled in 114ms
✓ Compiled in 132ms
✓ Compiled in 112ms
✓ Compiled in 145ms
✓ Compiled in 143ms
✓ Compiled in 144ms
 GET / 200 in 63ms (next.js: 5ms, application-code: 58ms)
 GET /manifest.webmanifest 200 in 34ms (next.js: 30ms, application-code: 4ms)
✓ Compiled in 152ms
✓ Compiled in 126ms
✓ Compiled in 328ms
 GET / 200 in 179ms (next.js: 79ms, application-code: 100ms)
 GET / 200 in 39ms (next.js: 4ms, application-code: 35ms)
 GET /manifest.webmanifest 200 in 18ms (next.js: 5ms, application-code: 13ms)
✓ Compiled in 541ms
✓ Compiled in 53ms
 GET / 200 in 145ms (next.js: 8ms, application-code: 137ms)
 GET / 200 in 207ms (next.js: 20ms, application-code: 187ms)
 GET / 200 in 141ms (next.js: 38ms, application-code: 103ms)
 GET / 200 in 141ms (next.js: 43ms, application-code: 98ms)
 GET /manifest.webmanifest 200 in 20ms (next.js: 13ms, application-code: 7ms)
✓ Compiled in 171ms
✓ Compiled in 296ms
 GET / 200 in 34ms (next.js: 14ms, application-code: 19ms)
 GET / 200 in 34ms (next.js: 3ms, application-code: 31ms)
 GET /manifest.webmanifest 200 in 22ms (next.js: 17ms, application-code: 6ms)
