[browser] A tree hydrated but some attributes of the server rendered HTML didn't match the client properties. This won't be patched up. This can happen if a SSR-ed Client Component used:

- A server/client branch `if (typeof window !== 'undefined')`.
- Variable input such as `Date.now()` or `Math.random()` which changes each time it's called.
- Date formatting in a user's locale which doesn't match the server.
- External changing data without sending a snapshot of it along with the HTML.
- Invalid HTML tag nesting.

It can also happen if the client has a browser extension installed which messes with the HTML before React loaded.

https://react.dev/link/hydration-mismatch

  ...
    <HotReload globalError={[...]} webSocket={WebSocket} staticIndicatorState={{pathname:null, ...}}>
      <AppDevOverlayErrorBoundary globalError={[...]}>
        <ReplaySsrOnlyErrors>
        <DevRootHTTPAccessFallbackBoundary>
          <HTTPAccessFallbackBoundary notFound={<NotAllowedRootHTTPFallbackError>}>
            <HTTPAccessFallbackErrorBoundary pathname="/" notFound={<NotAllowedRootHTTPFallbackError>} ...>
              <RedirectBoundary>
                <RedirectErrorBoundary router={{...}}>
                  <Head headCacheNode={{rsc:{...}, ...}}>
                    <__next_viewport_boundary__>
                    <MetadataWrapper>
                      <div
                        hidden={true}
-                       bis_skin_checked="1"
                      >
                  ...
                    <InnerLayoutRouter url="/" tree={[...]} params={{}} cacheNode={{rsc:{...}, ...}} segmentPath={[...]} ...>
                      <SegmentViewNode type="page" pagePath="page.tsx">
                        <SegmentTrieNode>
                        <ClientPageRoot Component={function Home} serverProvidedParams={{...}}>
                          <Home params={Promise} searchParams={Promise}>
                            <main className="appBoot" aria-label="Loading Le...">
                              <div
                                className="brand"
-                               bis_skin_checked="1"
                              >
                      ...
                  ...
 
[browser] A tree hydrated but some attributes of the server rendered HTML didn't match the client properties. This won't be patched up. This can happen if a SSR-ed Client Component used:

- A server/client branch `if (typeof window !== 'undefined')`.
- Variable input such as `Date.now()` or `Math.random()` which changes each time it's called.
- Date formatting in a user's locale which doesn't match the server.
- External changing data without sending a snapshot of it along with the HTML.
- Invalid HTML tag nesting.

It can also happen if the client has a browser extension installed which messes with the HTML before React loaded.

https://react.dev/link/hydration-mismatch

  ...
    <HotReload globalError={[...]} webSocket={WebSocket} staticIndicatorState={{pathname:null, ...}}>
      <AppDevOverlayErrorBoundary globalError={[...]}>
        <ReplaySsrOnlyErrors>
        <DevRootHTTPAccessFallbackBoundary>
          <HTTPAccessFallbackBoundary notFound={<NotAllowedRootHTTPFallbackError>}>
            <HTTPAccessFallbackErrorBoundary pathname="/" notFound={<NotAllowedRootHTTPFallbackError>} ...>
              <RedirectBoundary>
                <RedirectErrorBoundary router={{...}}>
                  <Head headCacheNode={{rsc:{...}, ...}}>
                    <__next_viewport_boundary__>
                    <MetadataWrapper>
                      <div
                        hidden={true}
-                       bis_skin_checked="1"
                      >
                  ...
                    <InnerLayoutRouter url="/" tree={[...]} params={{}} cacheNode={{rsc:{...}, ...}} segmentPath={[...]} ...>
                      <SegmentViewNode type="page" pagePath="page.tsx">
                        <SegmentTrieNode>
                        <ClientPageRoot Component={function Home} serverProvidedParams={{...}}>
                          <Home params={Promise} searchParams={Promise}>
                            <main className="appBoot" aria-label="Loading Le...">
                              <div
                                className="brand"
-                               bis_skin_checked="1"
                              >
                      ...
                  ...
 
[browser] A tree hydrated but some attributes of the server rendered HTML didn't match the client properties. This won't be patched up. This can happen if a SSR-ed Client Component used:

- A server/client branch `if (typeof window !== 'undefined')`.
- Variable input such as `Date.now()` or `Math.random()` which changes each time it's called.
- Date formatting in a user's locale which doesn't match the server.
- External changing data without sending a snapshot of it along with the HTML.
- Invalid HTML tag nesting.

It can also happen if the client has a browser extension installed which messes with the HTML before React loaded.

https://react.dev/link/hydration-mismatch

  ...
    <HotReload globalError={[...]} webSocket={WebSocket} staticIndicatorState={{pathname:null, ...}}>
      <AppDevOverlayErrorBoundary globalError={[...]}>
        <ReplaySsrOnlyErrors>
        <DevRootHTTPAccessFallbackBoundary>
          <HTTPAccessFallbackBoundary notFound={<NotAllowedRootHTTPFallbackError>}>
            <HTTPAccessFallbackErrorBoundary pathname="/" notFound={<NotAllowedRootHTTPFallbackError>} ...>
              <RedirectBoundary>
                <RedirectErrorBoundary router={{...}}>
                  <Head headCacheNode={{rsc:{...}, ...}}>
                    <__next_viewport_boundary__>
                    <MetadataWrapper>
                      <div
                        hidden={true}
-                       bis_skin_checked="1"
                      >
                  ...
                    <InnerLayoutRouter url="/" tree={[...]} params={{}} cacheNode={{rsc:{...}, ...}} segmentPath={[...]} ...>
                      <SegmentViewNode type="page" pagePath="page.tsx">
                        <SegmentTrieNode>
                        <ClientPageRoot Component={function Home} serverProvidedParams={{...}}>
                          <Home params={Promise} searchParams={Promise}>
                            <main className="appBoot" aria-label="Loading Le...">
                              <div
                                className="brand"
-                               bis_skin_checked="1"
                              >
                      ...
                  ...
 
