[08/Sep/2026 17:48:50] "GET /api/health/ HTTP/1.1" 200 63
[08/Sep/2026 17:49:04] "GET /api/notifications/summary/ HTTP/1.1" 200 2290
[08/Sep/2026 17:49:04] "GET /api/bookings/?page_size=500 HTTP/1.1" 200 32276
[08/Sep/2026 17:49:04] "GET /api/sales-targets/ HTTP/1.1" 200 1182
[08/Sep/2026 17:49:04] "GET /api/auth/me/ HTTP/1.1" 200 298
[08/Sep/2026 17:49:09] "GET /api/auth/me/ HTTP/1.1" 200 298
[08/Sep/2026 17:49:09] "GET /api/notifications/summary/ HTTP/1.1" 200 2290
[08/Sep/2026 17:49:09] "GET /api/sales-targets/ HTTP/1.1" 200 1182
[08/Sep/2026 17:49:09] "GET /api/bookings/?page_size=500 HTTP/1.1" 200 32276
[08/Sep/2026 17:49:15] "GET /api/payment-reminders/?page_size=500 HTTP/1.1" 200 52
[08/Sep/2026 17:49:15] "GET /api/payments/?page_size=500&ordering=-paid_at HTTP/1.1" 200 40420
[08/Sep/2026 17:49:16] "GET /api/customers/?page_size=500 HTTP/1.1" 200 56444
[08/Sep/2026 17:49:19] "GET /api/leads/?page_size=500&ordering=-created_at HTTP/1.1" 200 72811
[08/Sep/2026 17:49:23] "GET /api/leads/?page_size=500&ordering=-created_at HTTP/1.1" 200 72811
[08/Sep/2026 17:49:36] "GET /api/notifications/summary/ HTTP/1.1" 200 2290
[08/Sep/2026 17:49:39] "GET /api/notifications/summary/ HTTP/1.1" 200 2290
[08/Sep/2026 17:50:07] "GET /api/notifications/summary/ HTTP/1.1" 200 2290
[08/Sep/2026 17:50:31] "GET /api/auth/me/ HTTP/1.1" 200 298
[08/Sep/2026 17:50:31] "GET /api/notifications/summary/ HTTP/1.1" 200 2290
[08/Sep/2026 17:50:31] "GET /api/bookings/?page_size=500 HTTP/1.1" 200 32276
[08/Sep/2026 17:50:31] "GET /api/sales-targets/ HTTP/1.1" 200 1182
[08/Sep/2026 17:50:38] "GET /api/payment-reminders/?page_size=500 HTTP/1.1" 200 52
[08/Sep/2026 17:50:38] "GET /api/payments/?page_size=500&ordering=-paid_at HTTP/1.1" 200 40420
[08/Sep/2026 17:50:38] "GET /api/notifications/summary/ HTTP/1.1" 200 2290
[08/Sep/2026 17:50:38] "GET /api/customers/?page_size=500 HTTP/1.1" 200 56444
[08/Sep/2026 17:50:47] "GET /api/leads/?page_size=500&ordering=-created_at HTTP/1.1" 200 72811
[08/Sep/2026 17:51:02] "GET /api/notifications/summary/ HTTP/1.1" 200 2290
[08/Sep/2026 17:51:09] "GET /api/notifications/summary/ HTTP/1.1" 200 2290
[08/Sep/2026 17:51:39] "GET /api/notifications/summary/ HTTP/1.1" 200 2290
[08/Sep/2026 17:52:11] "GET /api/notifications/summary/ HTTP/1.1" 200 2290
[08/Sep/2026 17:52:33] "GET /api/notifications/summary/ HTTP/1.1" 200 2290
[08/Sep/2026 17:52:41] "GET /api/notifications/summary/ HTTP/1.1" 200 2290
[08/Sep/2026 17:52:53] "GET /api/auth/me/ HTTP/1.1" 200 298
[08/Sep/2026 17:52:53] "GET /api/notifications/summary/ HTTP/1.1" 200 2290
[08/Sep/2026 17:52:53] "GET /api/sales-targets/ HTTP/1.1" 200 1182
[08/Sep/2026 17:52:54] "GET /api/bookings/?page_size=500 HTTP/1.1" 200 32276
[08/Sep/2026 17:52:55] "GET /api/payment-reminders/?page_size=500 HTTP/1.1" 200 52
[08/Sep/2026 17:52:56] "GET /api/customers/?page_size=500 HTTP/1.1" 200 56444
[08/Sep/2026 17:52:56] "GET /api/payments/?page_size=500&ordering=-paid_at HTTP/1.1" 200 40420
[08/Sep/2026 17:53:10] "GET /api/leads/?page_size=500&ordering=-created_at HTTP/1.1" 200 72811
Unauthorized: /api/notifications/summary/
[08/Sep/2026 17:53:12] "GET /api/notifications/summary/ HTTP/1.1" 401 172
[08/Sep/2026 17:53:13] "POST /api/auth/refresh/ HTTP/1.1" 200 625
[08/Sep/2026 17:53:14] "GET /api/auth/me/ HTTP/1.1" 200 298
[08/Sep/2026 17:53:14] "GET /api/notifications/summary/ HTTP/1.1" 200 2290
[08/Sep/2026 17:53:30] "GET /api/leads/?page_size=500&ordering=-created_at HTTP/1.1" 200 72811
[08/Sep/2026 17:53:45] "GET /api/notifications/summary/ HTTP/1.1" 200 2290
[08/Sep/2026 17:54:09] "GET /api/payment-reminders/?page_size=500 HTTP/1.1" 200 52
[08/Sep/2026 17:54:10] "GET /api/bookings/?page_size=500 HTTP/1.1" 200 32276
[08/Sep/2026 17:54:10] "GET /api/customers/?page_size=500 HTTP/1.1" 200 56444
[08/Sep/2026 17:54:10] "GET /api/payments/?page_size=500&ordering=-paid_at HTTP/1.1" 200 40420
[08/Sep/2026 17:54:15] "GET /api/notifications/summary/ HTTP/1.1" 200 2290
[08/Sep/2026 17:54:25] "GET /api/leads/?page_size=500&ordering=-created_at HTTP/1.1" 200 72811
[08/Sep/2026 17:54:46] "GET /api/notifications/summary/ HTTP/1.1" 200 2290
[08/Sep/2026 17:54:55] "GET /api/notifications/summary/ HTTP/1.1" 200 2290
[08/Sep/2026 17:55:18] "GET /api/notifications/summary/ HTTP/1.1" 200 2290
[08/Sep/2026 17:55:49] "GET /api/notifications/summary/ HTTP/1.1" 200 2290
[08/Sep/2026 17:55:55] "GET /api/notifications/summary/ HTTP/1.1" 200 2290
[08/Sep/2026 17:56:20] "GET /api/notifications/summary/ HTTP/1.1" 200 2290
[08/Sep/2026 17:56:26] "GET /api/notifications/summary/ HTTP/1.1" 200 2290
[08/Sep/2026 17:56:51] "GET /api/notifications/summary/ HTTP/1.1" 200 2290
[08/Sep/2026 17:57:22] "GET /api/notifications/summary/ HTTP/1.1" 200 2290
[08/Sep/2026 17:57:53] "GET /api/notifications/summary/ HTTP/1.1" 200 2290
[08/Sep/2026 17:58:24] "GET /api/notifications/summary/ HTTP/1.1" 200 2290
[08/Sep/2026 17:58:27] "GET /api/notifications/summary/ HTTP/1.1" 200 2290
[08/Sep/2026 17:58:54] "GET /api/notifications/summary/ HTTP/1.1" 200 2290
[08/Sep/2026 17:59:25] "GET /api/notifications/summary/ HTTP/1.1" 200 2290
[08/Sep/2026 17:59:56] "GET /api/notifications/summary/ HTTP/1.1" 200 2290
[08/Sep/2026 18:00:27] "GET /api/notifications/summary/ HTTP/1.1" 200 2290
[08/Sep/2026 18:00:58] "GET /api/notifications/summary/ HTTP/1.1" 200 2290
[08/Sep/2026 18:01:28] "GET /api/notifications/summary/ HTTP/1.1" 200 2290
[08/Sep/2026 18:02:00] "GET /api/notifications/summary/ HTTP/1.1" 200 2290
[08/Sep/2026 18:02:30] "GET /api/notifications/summary/ HTTP/1.1" 200 2290
[08/Sep/2026 18:03:01] "GET /api/notifications/summary/ HTTP/1.1" 200 2290
Unauthorized: /api/notifications/summary/
[08/Sep/2026 18:03:27] "GET /api/notifications/summary/ HTTP/1.1" 401 172
[08/Sep/2026 18:03:29] "POST /api/auth/refresh/ HTTP/1.1" 200 625
[08/Sep/2026 18:03:30] "GET /api/auth/me/ HTTP/1.1" 200 298
[08/Sep/2026 18:03:30] "GET /api/notifications/summary/ HTTP/1.1" 200 2290
[08/Sep/2026 18:03:32] "GET /api/notifications/summary/ HTTP/1.1" 200 2290
[08/Sep/2026 18:03:47] "GET /api/leads/?page_size=500&ordering=-created_at HTTP/1.1" 200 72811
[08/Sep/2026 18:04:02] "GET /api/notifications/summary/ HTTP/1.1" 200 2290
[08/Sep/2026 18:04:03] "GET /api/notifications/summary/ HTTP/1.1" 200 2290
[08/Sep/2026 18:04:33] "GET /api/notifications/summary/ HTTP/1.1" 200 2290
[08/Sep/2026 18:04:34] "GET /api/notifications/summary/ HTTP/1.1" 200 2290
[08/Sep/2026 18:05:04] "GET /api/notifications/summary/ HTTP/1.1" 200 2290
[08/Sep/2026 18:05:35] "GET /api/notifications/summary/ HTTP/1.1" 200 2290
[08/Sep/2026 18:06:04] "GET /api/notifications/summary/ HTTP/1.1" 200 2290
[08/Sep/2026 18:06:06] "GET /api/notifications/summary/ HTTP/1.1" 200 2290
[08/Sep/2026 18:06:37] "GET /api/notifications/summary/ HTTP/1.1" 200 2290
[08/Sep/2026 18:06:38] "GET /api/notifications/summary/ HTTP/1.1" 200 2290
[08/Sep/2026 18:07:08] "GET /api/notifications/summary/ HTTP/1.1" 200 2290
[08/Sep/2026 18:07:32] "OPTIONS /api/leads/?search=ni&page_size=5 HTTP/1.1" 200 0
[08/Sep/2026 18:07:32] "OPTIONS /api/bookings/?search=ni&page_size=5 HTTP/1.1" 200 0
[08/Sep/2026 18:07:32] "OPTIONS /api/customers/?search=ni&page_size=5 HTTP/1.1" 200 0
[08/Sep/2026 18:07:32] "OPTIONS /api/events/?search=ni&page_size=5 HTTP/1.1" 200 0
[08/Sep/2026 18:07:32,999] - Broken pipe from ('127.0.0.1', 60165)
[08/Sep/2026 18:07:33,005] - Broken pipe from ('127.0.0.1', 64280)
[08/Sep/2026 18:07:33,229] - Broken pipe from ('127.0.0.1', 51669)
[08/Sep/2026 18:07:33] "OPTIONS /api/leads/?search=nikhi&page_size=5 HTTP/1.1" 200 0
[08/Sep/2026 18:07:33] "OPTIONS /api/customers/?search=nikhi&page_size=5 HTTP/1.1" 200 0
[08/Sep/2026 18:07:33] "OPTIONS /api/bookings/?search=nikhi&page_size=5 HTTP/1.1" 200 0
[08/Sep/2026 18:07:33] "OPTIONS /api/events/?search=nikhi&page_size=5 HTTP/1.1" 200 0
[08/Sep/2026 18:07:33,955] - Broken pipe from ('127.0.0.1', 61039)
[08/Sep/2026 18:07:34,454] - Broken pipe from ('127.0.0.1', 54729)
[08/Sep/2026 18:07:34] "OPTIONS /api/leads/?search=nikhil&page_size=5 HTTP/1.1" 200 0
[08/Sep/2026 18:07:34] "OPTIONS /api/customers/?search=nikhil&page_size=5 HTTP/1.1" 200 0
[08/Sep/2026 18:07:34] "OPTIONS /api/bookings/?search=nikhil&page_size=5 HTTP/1.1" 200 0
[08/Sep/2026 18:07:34] "OPTIONS /api/events/?search=nikhil&page_size=5 HTTP/1.1" 200 0
[08/Sep/2026 18:07:34,559] - Broken pipe from ('127.0.0.1', 56561)
[08/Sep/2026 18:07:34,649] - Broken pipe from ('127.0.0.1', 56749)
[08/Sep/2026 18:07:35,015] - Broken pipe from ('127.0.0.1', 62192)
[08/Sep/2026 18:07:35] "GET /api/bookings/?search=nikhil&page_size=5 HTTP/1.1" 200 375
[08/Sep/2026 18:07:35] "GET /api/customers/?search=nikhil&page_size=5 HTTP/1.1" 200 560
[08/Sep/2026 18:07:35] "GET /api/events/?search=nikhil&page_size=5 HTTP/1.1" 200 4106
[08/Sep/2026 18:07:35] "GET /api/leads/?search=nikhil&page_size=5 HTTP/1.1" 200 1568
[08/Sep/2026 18:07:38] "OPTIONS /api/notifications/summary/ HTTP/1.1" 200 0
[08/Sep/2026 18:07:38] "OPTIONS /api/notifications/summary/ HTTP/1.1" 200 0
[08/Sep/2026 18:07:39] "GET /api/notifications/summary/ HTTP/1.1" 200 2290
[08/Sep/2026 18:07:39] "GET /api/notifications/summary/ HTTP/1.1" 200 2290
[08/Sep/2026 18:08:10] "GET /api/notifications/summary/ HTTP/1.1" 200 2290
[08/Sep/2026 18:08:10] "GET /api/notifications/summary/ HTTP/1.1" 200 2290
Unauthorized: /api/notifications/summary/
[08/Sep/2026 18:08:40] "GET /api/notifications/summary/ HTTP/1.1" 401 172
[08/Sep/2026 18:08:46] "POST /api/auth/refresh/ HTTP/1.1" 200 625
[08/Sep/2026 18:08:47] "OPTIONS /api/auth/me/ HTTP/1.1" 200 0
[08/Sep/2026 18:08:47] "OPTIONS /api/leads/?page_size=500&ordering=-created_at HTTP/1.1" 200 0
[08/Sep/2026 18:08:47] "GET /api/auth/me/ HTTP/1.1" 200 298
[08/Sep/2026 18:08:47] "GET /api/notifications/summary/ HTTP/1.1" 200 2290
[08/Sep/2026 18:09:06] "GET /api/leads/?page_size=500&ordering=-created_at HTTP/1.1" 200 72811
[08/Sep/2026 18:09:11] "GET /api/notifications/summary/ HTTP/1.1" 200 2290
[08/Sep/2026 18:09:18] "GET /api/notifications/summary/ HTTP/1.1" 200 2290
[08/Sep/2026 18:09:42] "GET /api/notifications/summary/ HTTP/1.1" 200 2290
[08/Sep/2026 18:09:49] "GET /api/notifications/summary/ HTTP/1.1" 200 2290
[08/Sep/2026 18:10:20] "GET /api/notifications/summary/ HTTP/1.1" 200 2290
[08/Sep/2026 18:10:50] "GET /api/notifications/summary/ HTTP/1.1" 200 2290
[08/Sep/2026 18:10:54] "OPTIONS /api/bookings/?page_size=500 HTTP/1.1" 200 0
[08/Sep/2026 18:10:54] "OPTIONS /api/leads/?page_size=500&ordering=-created_at HTTP/1.1" 200 0
[08/Sep/2026 18:10:54] "OPTIONS /api/sales-targets/ HTTP/1.1" 200 0
[08/Sep/2026 18:10:54] "OPTIONS /api/auth/me/ HTTP/1.1" 200 0
[08/Sep/2026 18:10:55] "GET /api/auth/me/ HTTP/1.1" 200 298
[08/Sep/2026 18:10:55] "GET /api/sales-targets/ HTTP/1.1" 200 1182
[08/Sep/2026 18:10:55] "GET /api/notifications/summary/ HTTP/1.1" 200 2290
[08/Sep/2026 18:10:55] "GET /api/bookings/?page_size=500 HTTP/1.1" 200 32276
[08/Sep/2026 18:10:57] "GET /api/payment-reminders/?page_size=500 HTTP/1.1" 200 52
[08/Sep/2026 18:10:57] "GET /api/customers/?page_size=500 HTTP/1.1" 200 56444
[08/Sep/2026 18:10:57] "GET /api/payments/?page_size=500&ordering=-paid_at HTTP/1.1" 200 40420
[08/Sep/2026 18:11:10] "GET /api/leads/?page_size=500&ordering=-created_at HTTP/1.1" 200 72811
[08/Sep/2026 18:11:12] "OPTIONS /api/bookings/?page_size=500 HTTP/1.1" 200 0
[08/Sep/2026 18:11:13] "GET /api/payment-reminders/?page_size=500 HTTP/1.1" 200 52
[08/Sep/2026 18:11:14] "GET /api/payments/?page_size=500&ordering=-paid_at HTTP/1.1" 200 40420
[08/Sep/2026 18:11:14] "GET /api/customers/?page_size=500 HTTP/1.1" 200 56444
[08/Sep/2026 18:11:14] "GET /api/bookings/?page_size=500 HTTP/1.1" 200 32276
[08/Sep/2026 18:11:21] "GET /api/notifications/summary/ HTTP/1.1" 200 2290
[08/Sep/2026 18:11:27] "GET /api/leads/?page_size=500&ordering=-created_at HTTP/1.1" 200 72811
[08/Sep/2026 18:11:52] "GET /api/notifications/summary/ HTTP/1.1" 200 2290
[08/Sep/2026 18:12:23] "GET /api/notifications/summary/ HTTP/1.1" 200 2290
[08/Sep/2026 18:12:55] "GET /api/notifications/summary/ HTTP/1.1" 200 2290
[08/Sep/2026 18:13:08] "GET /api/auth/me/ HTTP/1.1" 200 298
[08/Sep/2026 18:13:08] "GET /api/sales-targets/ HTTP/1.1" 200 1182
[08/Sep/2026 18:13:08] "GET /api/notifications/summary/ HTTP/1.1" 200 2290
[08/Sep/2026 18:13:08] "GET /api/bookings/?page_size=500 HTTP/1.1" 200 32276
[08/Sep/2026 18:13:10] "GET /api/payment-reminders/?page_size=500 HTTP/1.1" 200 52
[08/Sep/2026 18:13:10] "GET /api/payments/?page_size=500&ordering=-paid_at HTTP/1.1" 200 40420
[08/Sep/2026 18:13:11] "GET /api/customers/?page_size=500 HTTP/1.1" 200 56444
[08/Sep/2026 18:13:23] "GET /api/leads/?page_size=500&ordering=-created_at HTTP/1.1" 200 72811
[08/Sep/2026 18:13:25] "GET /api/notifications/summary/ HTTP/1.1" 200 2290
[08/Sep/2026 18:13:56] "GET /api/notifications/summary/ HTTP/1.1" 200 2290
[08/Sep/2026 18:14:27] "GET /api/notifications/summary/ HTTP/1.1" 200 2290
[08/Sep/2026 18:14:54] "GET /api/notifications/summary/ HTTP/1.1" 200 2290
[08/Sep/2026 18:14:58] "GET /api/notifications/summary/ HTTP/1.1" 200 2290
[08/Sep/2026 18:15:29] "GET /api/notifications/summary/ HTTP/1.1" 200 2290
[08/Sep/2026 18:15:59] "GET /api/notifications/summary/ HTTP/1.1" 200 2290
[08/Sep/2026 18:16:25] "GET /api/notifications/summary/ HTTP/1.1" 200 2290
[08/Sep/2026 18:16:31] "GET /api/notifications/summary/ HTTP/1.1" 200 2290
[08/Sep/2026 18:16:57] "GET /api/notifications/summary/ HTTP/1.1" 200 2290
[08/Sep/2026 18:17:01] "GET /api/notifications/summary/ HTTP/1.1" 200 2290
[08/Sep/2026 18:17:27] "GET /api/notifications/summary/ HTTP/1.1" 200 2290
[08/Sep/2026 18:17:38] "GET /api/notifications/summary/ HTTP/1.1" 200 2290
[08/Sep/2026 18:18:09] "GET /api/notifications/summary/ HTTP/1.1" 200 2290
[08/Sep/2026 18:18:40] "GET /api/notifications/summary/ HTTP/1.1" 200 2290
[08/Sep/2026 18:19:10] "GET /api/notifications/summary/ HTTP/1.1" 200 2290
[08/Sep/2026 18:19:41] "GET /api/notifications/summary/ HTTP/1.1" 200 2290
Unauthorized: /api/notifications/summary/
[08/Sep/2026 18:19:51] "GET /api/notifications/summary/ HTTP/1.1" 401 172
[08/Sep/2026 18:19:55] "POST /api/auth/refresh/ HTTP/1.1" 200 625
[08/Sep/2026 18:19:56] "GET /api/auth/me/ HTTP/1.1" 200 298
[08/Sep/2026 18:19:56] "GET /api/notifications/summary/ HTTP/1.1" 200 2290
[08/Sep/2026 18:20:11] "GET /api/leads/?page_size=500&ordering=-created_at HTTP/1.1" 200 72811
[08/Sep/2026 18:20:12] "GET /api/notifications/summary/ HTTP/1.1" 200 2290
[08/Sep/2026 18:20:43] "GET /api/notifications/summary/ HTTP/1.1" 200 2290
[08/Sep/2026 18:21:14] "GET /api/notifications/summary/ HTTP/1.1" 200 2290
[08/Sep/2026 18:21:27] "GET /api/notifications/summary/ HTTP/1.1" 200 2290
[08/Sep/2026 18:21:45] "GET /api/notifications/summary/ HTTP/1.1" 200 2290
[08/Sep/2026 18:22:16] "GET /api/notifications/summary/ HTTP/1.1" 200 2290
[08/Sep/2026 18:22:29] "GET /api/notifications/summary/ HTTP/1.1" 200 2290
[08/Sep/2026 18:22:34] "OPTIONS /api/dashboard/ HTTP/1.1" 200 0
[08/Sep/2026 18:22:34] "OPTIONS /api/reports/revenue/?months=6 HTTP/1.1" 200 0
[08/Sep/2026 18:22:34] "OPTIONS /api/reports/revenue/?months=6 HTTP/1.1" 200 0
[08/Sep/2026 18:22:34] "GET /api/reports/revenue/?months=6 HTTP/1.1" 200 277
[08/Sep/2026 18:22:35] "GET /api/reports/revenue/?months=6 HTTP/1.1" 200 277
[08/Sep/2026 18:22:36] "GET /api/dashboard/ HTTP/1.1" 200 5853
[08/Sep/2026 18:22:39] "GET /api/dashboard/ HTTP/1.1" 200 5853
[08/Sep/2026 18:22:43] "OPTIONS /api/sales-targets/ HTTP/1.1" 200 0
[08/Sep/2026 18:22:44] "GET /api/bookings/?page_size=500 HTTP/1.1" 200 32276
[08/Sep/2026 18:22:44] "GET /api/sales-targets/ HTTP/1.1" 200 1182
[08/Sep/2026 18:22:47] "GET /api/notifications/summary/ HTTP/1.1" 200 2290
[08/Sep/2026 18:23:00] "GET /api/leads/?page_size=500&ordering=-created_at HTTP/1.1" 200 72811
[08/Sep/2026 18:23:13] "GET /api/notifications/summary/ HTTP/1.1" 200 2290
[08/Sep/2026 18:23:17] "GET /api/notifications/summary/ HTTP/1.1" 200 2290
[08/Sep/2026 18:23:20] "GET /api/auth/me/ HTTP/1.1" 200 298
[08/Sep/2026 18:23:20] "GET /api/sales-targets/ HTTP/1.1" 200 1182
[08/Sep/2026 18:23:20] "GET /api/bookings/?page_size=500 HTTP/1.1" 200 32276
[08/Sep/2026 18:23:21] "GET /api/auth/me/ HTTP/1.1" 200 298
[08/Sep/2026 18:23:21] "GET /api/sales-targets/ HTTP/1.1" 200 1182
[08/Sep/2026 18:23:21] "GET /api/bookings/?page_size=500 HTTP/1.1" 200 32276
[08/Sep/2026 18:23:39] "GET /api/leads/?page_size=500&ordering=-created_at HTTP/1.1" 200 72811
Unauthorized: /api/notifications/summary/
[08/Sep/2026 18:23:49] "GET /api/notifications/summary/ HTTP/1.1" 401 172
[08/Sep/2026 18:23:49] "OPTIONS /api/auth/refresh/ HTTP/1.1" 200 0
[08/Sep/2026 18:23:51] "POST /api/auth/refresh/ HTTP/1.1" 200 625
[08/Sep/2026 18:23:52] "GET /api/auth/me/ HTTP/1.1" 200 298
[08/Sep/2026 18:23:52] "GET /api/notifications/summary/ HTTP/1.1" 200 2290
[08/Sep/2026 18:24:07] "GET /api/leads/?page_size=500&ordering=-created_at HTTP/1.1" 200 72811
[08/Sep/2026 18:24:23] "GET /api/notifications/summary/ HTTP/1.1" 200 2290
[08/Sep/2026 18:24:54] "GET /api/notifications/summary/ HTTP/1.1" 200 2290
[08/Sep/2026 18:25:25] "GET /api/notifications/summary/ HTTP/1.1" 200 2290
[08/Sep/2026 18:25:56] "GET /api/notifications/summary/ HTTP/1.1" 200 2290
[08/Sep/2026 18:26:27] "GET /api/notifications/summary/ HTTP/1.1" 200 2290
[08/Sep/2026 18:26:58] "GET /api/notifications/summary/ HTTP/1.1" 200 2290
[08/Sep/2026 18:27:29] "GET /api/notifications/summary/ HTTP/1.1" 200 2290
[08/Sep/2026 18:28:00] "GET /api/notifications/summary/ HTTP/1.1" 200 2290
[08/Sep/2026 18:28:30] "GET /api/notifications/summary/ HTTP/1.1" 200 2290
[08/Sep/2026 18:29:01] "GET /api/notifications/summary/ HTTP/1.1" 200 2290
[08/Sep/2026 18:29:32] "GET /api/notifications/summary/ HTTP/1.1" 200 2290
[08/Sep/2026 18:30:03] "GET /api/notifications/summary/ HTTP/1.1" 200 2290
[08/Sep/2026 18:30:34] "GET /api/notifications/summary/ HTTP/1.1" 200 2290
[08/Sep/2026 18:31:04] "GET /api/notifications/summary/ HTTP/1.1" 200 2290
[08/Sep/2026 18:31:36] "GET /api/notifications/summary/ HTTP/1.1" 200 2290
[08/Sep/2026 18:32:08] "GET /api/notifications/summary/ HTTP/1.1" 200 2290
[08/Sep/2026 18:32:39] "GET /api/notifications/summary/ HTTP/1.1" 200 2290
[08/Sep/2026 18:33:10] "GET /api/notifications/summary/ HTTP/1.1" 200 2290
[08/Sep/2026 18:33:41] "GET /api/notifications/summary/ HTTP/1.1" 200 2290
[08/Sep/2026 18:34:12] "GET /api/notifications/summary/ HTTP/1.1" 200 2290
[08/Sep/2026 18:34:42] "GET /api/notifications/summary/ HTTP/1.1" 200 2290
[08/Sep/2026 18:35:13] "GET /api/notifications/summary/ HTTP/1.1" 200 2290
[08/Sep/2026 18:35:44] "GET /api/notifications/summary/ HTTP/1.1" 200 2290
[08/Sep/2026 18:36:16] "GET /api/notifications/summary/ HTTP/1.1" 200 2290
[08/Sep/2026 18:36:47] "GET /api/notifications/summary/ HTTP/1.1" 200 2290
[08/Sep/2026 18:37:17] "GET /api/notifications/summary/ HTTP/1.1" 200 2290
[08/Sep/2026 18:37:48] "GET /api/notifications/summary/ HTTP/1.1" 200 2290
[08/Sep/2026 18:38:19] "GET /api/notifications/summary/ HTTP/1.1" 200 2290
[08/Sep/2026 18:38:50] "GET /api/notifications/summary/ HTTP/1.1" 200 2290
Unauthorized: /api/notifications/summary/
[08/Sep/2026 18:39:20] "GET /api/notifications/summary/ HTTP/1.1" 401 172
[08/Sep/2026 18:39:22] "POST /api/auth/refresh/ HTTP/1.1" 200 625
[08/Sep/2026 18:39:22] "GET /api/auth/me/ HTTP/1.1" 200 298
[08/Sep/2026 18:39:22] "GET /api/notifications/summary/ HTTP/1.1" 200 2290
[08/Sep/2026 18:39:37] "GET /api/leads/?page_size=500&ordering=-created_at HTTP/1.1" 200 72811
[08/Sep/2026 18:39:53] "GET /api/notifications/summary/ HTTP/1.1" 200 2290
[08/Sep/2026 18:40:24] "GET /api/notifications/summary/ HTTP/1.1" 200 2290
[08/Sep/2026 18:40:55] "GET /api/notifications/summary/ HTTP/1.1" 200 2290
[08/Sep/2026 18:41:04] "OPTIONS /api/events/?page_size=5000&ordering=start_date,start_time,id HTTP/1.1" 200 0
Unauthorized: /api/photographers/
[08/Sep/2026 18:41:04] "OPTIONS /api/photographers/?page_size=500 HTTP/1.1" 200 0
Unauthorized: /api/events/
[08/Sep/2026 18:41:04] "GET /api/photographers/?page_size=500 HTTP/1.1" 401 172
[08/Sep/2026 18:41:04] "GET /api/events/?page_size=5000&ordering=start_date,start_time,id HTTP/1.1" 401 172
[08/Sep/2026 18:41:04] "OPTIONS /api/auth/refresh/ HTTP/1.1" 200 0
[08/Sep/2026 18:41:06] "POST /api/auth/refresh/ HTTP/1.1" 200 625
[08/Sep/2026 18:41:07] "GET /api/auth/me/ HTTP/1.1" 200 298
[08/Sep/2026 18:41:07] "GET /api/photographers/?page_size=500 HTTP/1.1" 200 36875
[08/Sep/2026 18:41:10] "GET /api/events/?page_size=5000&ordering=start_date,start_time,id HTTP/1.1" 200 2148771
[08/Sep/2026 18:41:21] "GET /api/notifications/summary/ HTTP/1.1" 200 2290
[08/Sep/2026 18:41:22] "GET /api/leads/?page_size=500&ordering=-created_at HTTP/1.1" 200 72811
[08/Sep/2026 18:41:26] "GET /api/notifications/summary/ HTTP/1.1" 200 2290
[08/Sep/2026 18:41:52] "GET /api/notifications/summary/ HTTP/1.1" 200 2290
[08/Sep/2026 18:41:56] "GET /api/notifications/summary/ HTTP/1.1" 200 2290
[08/Sep/2026 18:42:15] "GET /api/payment-reminders/?page_size=500 HTTP/1.1" 200 52
[08/Sep/2026 18:42:15] "GET /api/bookings/?page_size=500 HTTP/1.1" 200 32276
[08/Sep/2026 18:42:15] "GET /api/payments/?page_size=500&ordering=-paid_at HTTP/1.1" 200 40420
[08/Sep/2026 18:42:15] "GET /api/customers/?page_size=500 HTTP/1.1" 200 56444
[08/Sep/2026 18:42:23] "GET /api/notifications/summary/ HTTP/1.1" 200 2290
[08/Sep/2026 18:42:28] "GET /api/notifications/summary/ HTTP/1.1" 200 2290
[08/Sep/2026 18:42:30] "GET /api/leads/?page_size=500&ordering=-created_at HTTP/1.1" 200 72811
[08/Sep/2026 18:42:54] "GET /api/notifications/summary/ HTTP/1.1" 200 2290
[08/Sep/2026 18:42:59] "GET /api/notifications/summary/ HTTP/1.1" 200 2290
[08/Sep/2026 18:43:09] "OPTIONS /api/bookings/?search=ko&page_size=5 HTTP/1.1" 200 0
[08/Sep/2026 18:43:09] "OPTIONS /api/leads/?search=ko&page_size=5 HTTP/1.1" 200 0
[08/Sep/2026 18:43:09] "OPTIONS /api/customers/?search=ko&page_size=5 HTTP/1.1" 200 0
[08/Sep/2026 18:43:09] "OPTIONS /api/events/?search=ko&page_size=5 HTTP/1.1" 200 0
[08/Sep/2026 18:43:10] "OPTIONS /api/leads/?search=koma&page_size=5 HTTP/1.1" 200 0
[08/Sep/2026 18:43:10] "OPTIONS /api/customers/?search=koma&page_size=5 HTTP/1.1" 200 0
[08/Sep/2026 18:43:10] "OPTIONS /api/events/?search=koma&page_size=5 HTTP/1.1" 200 0
[08/Sep/2026 18:43:10] "OPTIONS /api/bookings/?search=koma&page_size=5 HTTP/1.1" 200 0
[08/Sep/2026 18:43:10,440] - Broken pipe from ('127.0.0.1', 51841)
[08/Sep/2026 18:43:10,440] - Broken pipe from ('127.0.0.1', 58373)
[08/Sep/2026 18:43:10,674] - Broken pipe from ('127.0.0.1', 51951)
[08/Sep/2026 18:43:11] "GET /api/customers/?search=koma&page_size=5 HTTP/1.1" 200 818
[08/Sep/2026 18:43:11] "GET /api/bookings/?search=koma&page_size=5 HTTP/1.1" 200 374
[08/Sep/2026 18:43:11] "GET /api/leads/?search=koma&page_size=5 HTTP/1.1" 200 805
[08/Sep/2026 18:43:11,239] - Broken pipe from ('127.0.0.1', 61993)
[08/Sep/2026 18:43:11] "GET /api/events/?search=koma&page_size=5 HTTP/1.1" 200 3696
[08/Sep/2026 18:43:11] "OPTIONS /api/customers/?search=komal&page_size=5 HTTP/1.1" 200 0
[08/Sep/2026 18:43:11] "OPTIONS /api/leads/?search=komal&page_size=5 HTTP/1.1" 200 0
[08/Sep/2026 18:43:11] "OPTIONS /api/events/?search=komal&page_size=5 HTTP/1.1" 200 0
[08/Sep/2026 18:43:11] "OPTIONS /api/bookings/?search=komal&page_size=5 HTTP/1.1" 200 0
[08/Sep/2026 18:43:12] "GET /api/bookings/?search=komal&page_size=5 HTTP/1.1" 200 374
[08/Sep/2026 18:43:12] "GET /api/customers/?search=komal&page_size=5 HTTP/1.1" 200 818
[08/Sep/2026 18:43:12] "GET /api/leads/?search=komal&page_size=5 HTTP/1.1" 200 805
[08/Sep/2026 18:43:12] "GET /api/events/?search=komal&page_size=5 HTTP/1.1" 200 3697
[08/Sep/2026 18:43:25] "GET /api/notifications/summary/ HTTP/1.1" 200 2290
[08/Sep/2026 18:43:30] "GET /api/notifications/summary/ HTTP/1.1" 200 2290
[08/Sep/2026 18:44:01] "GET /api/notifications/summary/ HTTP/1.1" 200 2290
[08/Sep/2026 18:44:26] "GET /api/notifications/summary/ HTTP/1.1" 200 2290
[08/Sep/2026 18:44:31] "GET /api/notifications/summary/ HTTP/1.1" 200 2290
[08/Sep/2026 18:44:58] "GET /api/notifications/summary/ HTTP/1.1" 200 2290
[08/Sep/2026 18:45:02] "GET /api/notifications/summary/ HTTP/1.1" 200 2290
[08/Sep/2026 18:45:29] "GET /api/notifications/summary/ HTTP/1.1" 200 2290
[08/Sep/2026 18:45:33] "GET /api/notifications/summary/ HTTP/1.1" 200 2290
[08/Sep/2026 18:46:04] "GET /api/notifications/summary/ HTTP/1.1" 200 2290
[08/Sep/2026 18:46:30] "GET /api/notifications/summary/ HTTP/1.1" 200 2290
[08/Sep/2026 18:46:35] "GET /api/notifications/summary/ HTTP/1.1" 200 2290
[08/Sep/2026 18:46:48] "OPTIONS /api/bookings/?page_size=500&ordering=-event_date HTTP/1.1" 200 0
[08/Sep/2026 18:46:48] "OPTIONS /api/production/?page_size=200&ordering=due_date,id HTTP/1.1" 200 0
[08/Sep/2026 18:46:48] "OPTIONS /api/production/activity-history/ HTTP/1.1" 200 0
[08/Sep/2026 18:46:48] "OPTIONS /api/production/editors/ HTTP/1.1" 200 0
[08/Sep/2026 18:46:48] "OPTIONS /api/production/editors/ HTTP/1.1" 200 0
[08/Sep/2026 18:46:49] "GET /api/production/editors/ HTTP/1.1" 200 686
[08/Sep/2026 18:46:49] "GET /api/bookings/?page_size=500&ordering=-event_date HTTP/1.1" 200 32276
[08/Sep/2026 18:46:49] "GET /api/customers/?page_size=500 HTTP/1.1" 200 56444
[08/Sep/2026 18:46:49] "GET /api/production/activity-history/ HTTP/1.1" 200 20839
[08/Sep/2026 18:46:49] "GET /api/production/?page_size=200&ordering=due_date,id HTTP/1.1" 200 23274
[08/Sep/2026 18:46:50] "GET /api/production/editors/ HTTP/1.1" 200 686
[08/Sep/2026 18:47:00] "GET /api/notifications/summary/ HTTP/1.1" 200 2290
[08/Sep/2026 18:47:05] "GET /api/notifications/summary/ HTTP/1.1" 200 2290
[08/Sep/2026 18:47:31] "GET /api/notifications/summary/ HTTP/1.1" 200 2290
[08/Sep/2026 18:47:36] "OPTIONS /api/users/audit-history/ HTTP/1.1" 200 0
[08/Sep/2026 18:47:36] "OPTIONS /api/users/ HTTP/1.1" 200 0
[08/Sep/2026 18:47:36] "OPTIONS /api/users/ HTTP/1.1" 200 0
[08/Sep/2026 18:47:36] "GET /api/notifications/summary/ HTTP/1.1" 200 2290
G:\LenspireCRM-Pro\backend\.venv-local\Lib\site-packages\rest_framework\pagination.py:198: UnorderedObjectListWarning: Pagination may yield inconsistent results with an unordered object_list: <class 'apps.users.models.User'> QuerySet.
  paginator = self.django_paginator_class(queryset, page_size)
[08/Sep/2026 18:47:36] "GET /api/users/audit-history/ HTTP/1.1" 200 3280
[08/Sep/2026 18:47:37] "GET /api/users/ HTTP/1.1" 200 10032
[08/Sep/2026 18:47:37] "GET /api/users/audit-history/ HTTP/1.1" 200 3280
[08/Sep/2026 18:47:37] "GET /api/users/ HTTP/1.1" 200 10032
[08/Sep/2026 18:48:02] "GET /api/notifications/summary/ HTTP/1.1" 200 2290
[08/Sep/2026 18:48:07] "GET /api/notifications/summary/ HTTP/1.1" 200 2290
[08/Sep/2026 18:48:38] "GET /api/notifications/summary/ HTTP/1.1" 200 2290
[08/Sep/2026 18:49:08] "GET /api/notifications/summary/ HTTP/1.1" 200 2290
[08/Sep/2026 18:49:40] "GET /api/notifications/summary/ HTTP/1.1" 200 2290
[08/Sep/2026 18:50:10] "GET /api/notifications/summary/ HTTP/1.1" 200 2290
[08/Sep/2026 18:50:42] "GET /api/notifications/summary/ HTTP/1.1" 200 2290
[08/Sep/2026 18:51:13] "GET /api/notifications/summary/ HTTP/1.1" 200 2290
[08/Sep/2026 18:51:43] "GET /api/notifications/summary/ HTTP/1.1" 200 2290
[08/Sep/2026 18:52:14] "GET /api/notifications/summary/ HTTP/1.1" 200 2290
[08/Sep/2026 18:52:45] "GET /api/notifications/summary/ HTTP/1.1" 200 2290
[08/Sep/2026 18:53:16] "GET /api/notifications/summary/ HTTP/1.1" 200 2290
[08/Sep/2026 18:53:47] "GET /api/notifications/summary/ HTTP/1.1" 200 2290
[08/Sep/2026 18:53:53] "GET /api/notifications/summary/ HTTP/1.1" 200 2290
[08/Sep/2026 18:54:05] "GET /api/production/editors/ HTTP/1.1" 200 686
[08/Sep/2026 18:54:06] "GET /api/production/activity-history/ HTTP/1.1" 200 20839
[08/Sep/2026 18:54:06] "GET /api/customers/?page_size=500 HTTP/1.1" 200 56444
[08/Sep/2026 18:54:06] "GET /api/bookings/?page_size=500&ordering=-event_date HTTP/1.1" 200 32276
[08/Sep/2026 18:54:06] "GET /api/production/?page_size=200&ordering=due_date,id HTTP/1.1" 200 23274
[08/Sep/2026 18:54:06] "GET /api/production/editors/ HTTP/1.1" 200 686
[08/Sep/2026 18:54:17] "GET /api/notifications/summary/ HTTP/1.1" 200 2290
[08/Sep/2026 18:54:24] "GET /api/notifications/summary/ HTTP/1.1" 200 2290
Unauthorized: /api/notifications/summary/
[08/Sep/2026 18:54:47] "GET /api/notifications/summary/ HTTP/1.1" 401 172
[08/Sep/2026 18:54:49] "POST /api/auth/refresh/ HTTP/1.1" 200 625
[08/Sep/2026 18:54:50] "GET /api/auth/me/ HTTP/1.1" 200 298
[08/Sep/2026 18:54:50] "GET /api/notifications/summary/ HTTP/1.1" 200 2290
[08/Sep/2026 18:54:53] "GET /api/reports/revenue/?months=6 HTTP/1.1" 200 277
[08/Sep/2026 18:54:53] "GET /api/reports/revenue/?months=6 HTTP/1.1" 200 277
[08/Sep/2026 18:54:54] "GET /api/dashboard/ HTTP/1.1" 200 5853
[08/Sep/2026 18:54:57] "GET /api/dashboard/ HTTP/1.1" 200 5853
[08/Sep/2026 18:55:02] "GET /api/sales-targets/ HTTP/1.1" 200 1182
[08/Sep/2026 18:55:02] "GET /api/bookings/?page_size=500 HTTP/1.1" 200 32276
[08/Sep/2026 18:55:04] "GET /api/leads/?page_size=500&ordering=-created_at HTTP/1.1" 200 72811
[08/Sep/2026 18:55:21] "GET /api/notifications/summary/ HTTP/1.1" 200 2290
[08/Sep/2026 18:55:51] "GET /api/notifications/summary/ HTTP/1.1" 200 2290
[08/Sep/2026 18:56:22] "GET /api/notifications/summary/ HTTP/1.1" 200 2290
[08/Sep/2026 18:56:53] "GET /api/notifications/summary/ HTTP/1.1" 200 2290
[08/Sep/2026 18:57:24] "GET /api/notifications/summary/ HTTP/1.1" 200 2290
[08/Sep/2026 18:57:54] "GET /api/notifications/summary/ HTTP/1.1" 200 2290
[08/Sep/2026 18:58:25] "GET /api/notifications/summary/ HTTP/1.1" 200 2290
[08/Sep/2026 18:58:56] "GET /api/notifications/summary/ HTTP/1.1" 200 2290
Unauthorized: /api/notifications/summary/
[08/Sep/2026 18:59:24] "GET /api/notifications/summary/ HTTP/1.1" 401 172
[08/Sep/2026 18:59:26] "POST /api/auth/refresh/ HTTP/1.1" 200 625
[08/Sep/2026 18:59:27] "GET /api/notifications/summary/ HTTP/1.1" 200 2290
[08/Sep/2026 18:59:27] "GET /api/auth/me/ HTTP/1.1" 200 298
[08/Sep/2026 18:59:27] "GET /api/notifications/summary/ HTTP/1.1" 200 2290
[08/Sep/2026 18:59:30] "GET /api/auth/me/ HTTP/1.1" 200 298
[08/Sep/2026 18:59:30] "GET /api/notifications/summary/ HTTP/1.1" 200 2290
[08/Sep/2026 18:59:30] "GET /api/sales-targets/ HTTP/1.1" 200 1182
[08/Sep/2026 18:59:30] "GET /api/bookings/?page_size=500 HTTP/1.1" 200 32276
[08/Sep/2026 18:59:33] "GET /api/photographers/?page_size=500 HTTP/1.1" 200 36875
[08/Sep/2026 18:59:34] "GET /api/events/?page_size=5000&ordering=start_date,start_time,id HTTP/1.1" 200 2148771
[08/Sep/2026 18:59:42,370] - Broken pipe from ('127.0.0.1', 57081)
[08/Sep/2026 18:59:44] "GET /api/leads/?page_size=500&ordering=-created_at HTTP/1.1" 200 72811
[08/Sep/2026 18:59:58] "GET /api/notifications/summary/ HTTP/1.1" 200 2290
[08/Sep/2026 19:00:01] "GET /api/notifications/summary/ HTTP/1.1" 200 2290
[08/Sep/2026 19:00:06] "OPTIONS /api/events/?page_size=5000&ordering=start_date,start_time,id HTTP/1.1" 200 0
[08/Sep/2026 19:00:06] "OPTIONS /api/photographers/?page_size=500 HTTP/1.1" 200 0
[08/Sep/2026 19:00:06] "GET /api/photographers/?page_size=500 HTTP/1.1" 200 36875
[08/Sep/2026 19:00:09] "GET /api/events/?page_size=5000&ordering=start_date,start_time,id HTTP/1.1" 200 2148771
[08/Sep/2026 19:00:29] "GET /api/notifications/summary/ HTTP/1.1" 200 2290
[08/Sep/2026 19:00:59] "GET /api/notifications/summary/ HTTP/1.1" 200 2290
[08/Sep/2026 19:01:33] "GET /api/notifications/summary/ HTTP/1.1" 200 2290
[08/Sep/2026 19:01:42] "GET /api/auth/me/ HTTP/1.1" 200 298
[08/Sep/2026 19:01:43] "GET /api/notifications/summary/ HTTP/1.1" 200 2290
[08/Sep/2026 19:01:43] "GET /api/sales-targets/ HTTP/1.1" 200 1182
[08/Sep/2026 19:01:43] "GET /api/bookings/?page_size=500 HTTP/1.1" 200 32276
[08/Sep/2026 19:01:45] "GET /api/photographers/?page_size=500 HTTP/1.1" 200 36875
[08/Sep/2026 19:01:47] "GET /api/events/?page_size=5000&ordering=start_date,start_time,id HTTP/1.1" 200 2148771
[08/Sep/2026 19:01:58] "GET /api/leads/?page_size=500&ordering=-created_at HTTP/1.1" 200 72811
[08/Sep/2026 19:02:04] "GET /api/notifications/summary/ HTTP/1.1" 200 2290
[08/Sep/2026 19:02:23] "GET /api/sales-targets/ HTTP/1.1" 200 1182
[08/Sep/2026 19:02:24] "GET /api/bookings/?page_size=500 HTTP/1.1" 200 32276
[08/Sep/2026 19:02:35] "GET /api/notifications/summary/ HTTP/1.1" 200 2290
[08/Sep/2026 19:02:37] "GET /api/leads/?page_size=500&ordering=-created_at HTTP/1.1" 200 72811
[08/Sep/2026 19:02:43] "GET /api/notifications/summary/ HTTP/1.1" 200 2290
[08/Sep/2026 19:03:06] "GET /api/notifications/summary/ HTTP/1.1" 200 2290
[08/Sep/2026 19:03:14] "GET /api/notifications/summary/ HTTP/1.1" 200 2290
[08/Sep/2026 19:03:37] "GET /api/notifications/summary/ HTTP/1.1" 200 2290
[08/Sep/2026 19:04:08] "GET /api/notifications/summary/ HTTP/1.1" 200 2290
[08/Sep/2026 19:04:38] "GET /api/notifications/summary/ HTTP/1.1" 200 2290
[08/Sep/2026 19:05:10] "GET /api/notifications/summary/ HTTP/1.1" 200 2290
[08/Sep/2026 19:05:40] "GET /api/notifications/summary/ HTTP/1.1" 200 2290
[08/Sep/2026 19:06:11] "GET /api/notifications/summary/ HTTP/1.1" 200 2290
[08/Sep/2026 19:06:43] "GET /api/notifications/summary/ HTTP/1.1" 200 2290
[08/Sep/2026 19:07:14] "GET /api/notifications/summary/ HTTP/1.1" 200 2290
[08/Sep/2026 19:07:45] "GET /api/notifications/summary/ HTTP/1.1" 200 2290
[08/Sep/2026 19:08:16] "GET /api/notifications/summary/ HTTP/1.1" 200 2290
[08/Sep/2026 19:08:47] "GET /api/notifications/summary/ HTTP/1.1" 200 2290
[08/Sep/2026 19:09:18] "GET /api/notifications/summary/ HTTP/1.1" 200 2290
Unauthorized: /api/notifications/summary/
[08/Sep/2026 19:09:48] "GET /api/notifications/summary/ HTTP/1.1" 401 172
[08/Sep/2026 19:09:49] "POST /api/auth/refresh/ HTTP/1.1" 200 625
[08/Sep/2026 19:09:50] "GET /api/auth/me/ HTTP/1.1" 200 298
[08/Sep/2026 19:09:50] "GET /api/notifications/summary/ HTTP/1.1" 200 2290
[08/Sep/2026 19:10:04] "GET /api/leads/?page_size=500&ordering=-created_at HTTP/1.1" 200 72811
[08/Sep/2026 19:10:21] "GET /api/notifications/summary/ HTTP/1.1" 200 2290
[08/Sep/2026 19:10:52] "GET /api/notifications/summary/ HTTP/1.1" 200 2290
[08/Sep/2026 19:11:22] "GET /api/notifications/summary/ HTTP/1.1" 200 2290
[08/Sep/2026 19:11:53] "GET /api/notifications/summary/ HTTP/1.1" 200 2290
[08/Sep/2026 19:12:24] "GET /api/notifications/summary/ HTTP/1.1" 200 2290
[08/Sep/2026 19:12:55] "GET /api/notifications/summary/ HTTP/1.1" 200 2290
[08/Sep/2026 19:13:25] "GET /api/notifications/summary/ HTTP/1.1" 200 2290
[08/Sep/2026 19:13:56] "GET /api/notifications/summary/ HTTP/1.1" 200 2290
[08/Sep/2026 19:14:27] "GET /api/notifications/summary/ HTTP/1.1" 200 2290
[08/Sep/2026 19:14:58] "GET /api/notifications/summary/ HTTP/1.1" 200 2290
[08/Sep/2026 19:15:29] "GET /api/notifications/summary/ HTTP/1.1" 200 2290
[08/Sep/2026 19:16:00] "GET /api/notifications/summary/ HTTP/1.1" 200 2290
[08/Sep/2026 19:16:31] "GET /api/notifications/summary/ HTTP/1.1" 200 2290
[08/Sep/2026 19:17:01] "GET /api/notifications/summary/ HTTP/1.1" 200 2290
[08/Sep/2026 19:17:32] "GET /api/notifications/summary/ HTTP/1.1" 200 2290
[08/Sep/2026 19:18:03] "GET /api/notifications/summary/ HTTP/1.1" 200 2290
[08/Sep/2026 19:18:34] "GET /api/notifications/summary/ HTTP/1.1" 200 2290
Unauthorized: /api/notifications/summary/
[08/Sep/2026 19:18:45] "GET /api/notifications/summary/ HTTP/1.1" 401 172
[08/Sep/2026 19:18:47] "POST /api/auth/refresh/ HTTP/1.1" 200 625
[08/Sep/2026 19:18:50] "GET /api/auth/me/ HTTP/1.1" 200 298
[08/Sep/2026 19:18:50] "GET /api/notifications/summary/ HTTP/1.1" 200 2290
[08/Sep/2026 19:19:04] "GET /api/leads/?page_size=500&ordering=-created_at HTTP/1.1" 200 72811
[08/Sep/2026 19:19:05] "GET /api/notifications/summary/ HTTP/1.1" 200 2290
[08/Sep/2026 19:19:35] "GET /api/notifications/summary/ HTTP/1.1" 200 2290
[08/Sep/2026 19:20:07] "GET /api/notifications/summary/ HTTP/1.1" 200 2290
[08/Sep/2026 19:20:37] "GET /api/notifications/summary/ HTTP/1.1" 200 2290
[08/Sep/2026 19:21:08] "GET /api/notifications/summary/ HTTP/1.1" 200 2290
[08/Sep/2026 19:21:43] "GET /api/notifications/summary/ HTTP/1.1" 200 2290
[08/Sep/2026 19:22:14] "GET /api/notifications/summary/ HTTP/1.1" 200 2290
[08/Sep/2026 19:22:45] "GET /api/notifications/summary/ HTTP/1.1" 200 2290
[08/Sep/2026 19:23:15] "GET /api/notifications/summary/ HTTP/1.1" 200 2290
[08/Sep/2026 19:23:46] "GET /api/notifications/summary/ HTTP/1.1" 200 2290
[08/Sep/2026 19:24:17] "GET /api/notifications/summary/ HTTP/1.1" 200 2290
[08/Sep/2026 19:24:48] "GET /api/notifications/summary/ HTTP/1.1" 200 2290
Unauthorized: /api/notifications/summary/
[08/Sep/2026 19:25:18] "GET /api/notifications/summary/ HTTP/1.1" 401 172
[08/Sep/2026 19:25:20] "POST /api/auth/refresh/ HTTP/1.1" 200 625
[08/Sep/2026 19:25:21] "GET /api/auth/me/ HTTP/1.1" 200 298
[08/Sep/2026 19:25:21] "GET /api/notifications/summary/ HTTP/1.1" 200 2290
[08/Sep/2026 19:25:36] "GET /api/leads/?page_size=500&ordering=-created_at HTTP/1.1" 200 72811
[08/Sep/2026 19:25:52] "GET /api/notifications/summary/ HTTP/1.1" 200 2290
[08/Sep/2026 19:26:23] "GET /api/notifications/summary/ HTTP/1.1" 200 2290
[08/Sep/2026 19:26:54] "GET /api/notifications/summary/ HTTP/1.1" 200 2290
[08/Sep/2026 19:27:24] "GET /api/notifications/summary/ HTTP/1.1" 200 2290
[08/Sep/2026 19:27:55] "GET /api/notifications/summary/ HTTP/1.1" 200 2290
[08/Sep/2026 19:28:26] "GET /api/notifications/summary/ HTTP/1.1" 200 2290
[08/Sep/2026 19:28:57] "GET /api/notifications/summary/ HTTP/1.1" 200 2290
[08/Sep/2026 19:29:27] "GET /api/notifications/summary/ HTTP/1.1" 200 2290
[08/Sep/2026 19:29:59] "GET /api/notifications/summary/ HTTP/1.1" 200 2290
[08/Sep/2026 19:30:29] "GET /api/notifications/summary/ HTTP/1.1" 200 2290
[08/Sep/2026 19:31:00] "GET /api/notifications/summary/ HTTP/1.1" 200 2290
[08/Sep/2026 19:31:31] "GET /api/notifications/summary/ HTTP/1.1" 200 2290
[08/Sep/2026 19:32:02] "GET /api/notifications/summary/ HTTP/1.1" 200 2290
[08/Sep/2026 19:32:33] "GET /api/notifications/summary/ HTTP/1.1" 200 2290
[08/Sep/2026 19:33:03] "GET /api/notifications/summary/ HTTP/1.1" 200 2290
[08/Sep/2026 19:33:34] "GET /api/notifications/summary/ HTTP/1.1" 200 2290
[08/Sep/2026 19:34:05] "GET /api/notifications/summary/ HTTP/1.1" 200 2290
[08/Sep/2026 19:34:36] "GET /api/notifications/summary/ HTTP/1.1" 200 2290
[08/Sep/2026 19:35:07] "GET /api/notifications/summary/ HTTP/1.1" 200 2290
[08/Sep/2026 19:35:38] "GET /api/notifications/summary/ HTTP/1.1" 200 2290
[08/Sep/2026 19:36:09] "GET /api/notifications/summary/ HTTP/1.1" 200 2290
[08/Sep/2026 19:36:40] "GET /api/notifications/summary/ HTTP/1.1" 200 2290
[08/Sep/2026 19:37:11] "GET /api/notifications/summary/ HTTP/1.1" 200 2290
[08/Sep/2026 19:37:42] "GET /api/notifications/summary/ HTTP/1.1" 200 2290
[08/Sep/2026 19:38:12] "GET /api/notifications/summary/ HTTP/1.1" 200 2290
[08/Sep/2026 19:38:43] "GET /api/notifications/summary/ HTTP/1.1" 200 2290
[08/Sep/2026 19:39:14] "GET /api/notifications/summary/ HTTP/1.1" 200 2290
[08/Sep/2026 19:39:45] "GET /api/notifications/summary/ HTTP/1.1" 200 2290
[08/Sep/2026 19:40:16] "GET /api/notifications/summary/ HTTP/1.1" 200 2290
Unauthorized: /api/notifications/summary/
[08/Sep/2026 19:40:46] "GET /api/notifications/summary/ HTTP/1.1" 401 172
[08/Sep/2026 19:40:48] "POST /api/auth/refresh/ HTTP/1.1" 200 625
[08/Sep/2026 19:40:48] "GET /api/auth/me/ HTTP/1.1" 200 298
[08/Sep/2026 19:40:49] "GET /api/notifications/summary/ HTTP/1.1" 200 2290
[08/Sep/2026 19:41:02] "GET /api/leads/?page_size=500&ordering=-created_at HTTP/1.1" 200 72811
[08/Sep/2026 19:41:19] "GET /api/notifications/summary/ HTTP/1.1" 200 2290
[08/Sep/2026 19:41:50] "GET /api/notifications/summary/ HTTP/1.1" 200 2290
[08/Sep/2026 19:42:21] "GET /api/notifications/summary/ HTTP/1.1" 200 2290
[08/Sep/2026 19:42:52] "GET /api/notifications/summary/ HTTP/1.1" 200 2290
[08/Sep/2026 19:43:23] "GET /api/notifications/summary/ HTTP/1.1" 200 2290
[08/Sep/2026 19:43:53] "GET /api/notifications/summary/ HTTP/1.1" 200 2290
[08/Sep/2026 19:44:24] "GET /api/notifications/summary/ HTTP/1.1" 200 2290
