Performing system checks...

System check identified no issues (0 silenced).
September 16, 2026 - 18:23:00
Django version 6.0.8, using settings 'lenspirecrm.settings'
Starting development server at http://127.0.0.1:8000/
Quit the server with CTRL-BREAK.

WARNING: This is a development server. Do not use it in a production setting. Use a production WSGI or ASGI server instead.
For more information on production servers see: https://docs.djangoproject.com/en/6.0/howto/deployment/
{"timestamp": "2026-09-16T19:04:01+0530", "level": "WARNING", "logger": "django.request", "message": "Unauthorized: /api/notifications/summary/", "taskName": null, "request": "<WSGIRequest: GET '/api/notifications/summary/'>", "status_code": 401}
{"timestamp": "2026-09-16T19:05:14+0530", "level": "WARNING", "logger": "django.request", "message": "Unauthorized: /api/notifications/summary/", "taskName": null, "request": "<WSGIRequest: GET '/api/notifications/summary/'>", "status_code": 401}
{"timestamp": "2026-09-16T19:05:14+0530", "level": "WARNING", "logger": "django.request", "message": "Unauthorized: /api/leads/", "taskName": null, "request": "<WSGIRequest: GET '/api/leads/?page_size=500&ordering=-created_at'>", "status_code": 401}
{"timestamp": "2026-09-16T19:05:14+0530", "level": "WARNING", "logger": "django.request", "message": "Unauthorized: /api/auth/me/", "taskName": null, "request": "<WSGIRequest: GET '/api/auth/me/'>", "status_code": 401}
{"timestamp": "2026-09-16T19:05:14+0530", "level": "WARNING", "logger": "django.request", "message": "Unauthorized: /api/bookings/", "taskName": null, "request": "<WSGIRequest: GET '/api/bookings/?page_size=500'>", "status_code": 401}
{"timestamp": "2026-09-16T19:05:14+0530", "level": "WARNING", "logger": "django.request", "message": "Unauthorized: /api/sales-targets/", "taskName": null, "request": "<WSGIRequest: GET '/api/sales-targets/'>", "status_code": 401}
{"timestamp": "2026-09-16T19:05:14+0530", "level": "WARNING", "logger": "django.request", "message": "Unauthorized: /api/photographers/", "taskName": null, "request": "<WSGIRequest: GET '/api/photographers/?page_size=500'>", "status_code": 401}
{"timestamp": "2026-09-16T19:05:14+0530", "level": "WARNING", "logger": "django.request", "message": "Unauthorized: /api/events/", "taskName": null, "request": "<WSGIRequest: GET '/api/events/?page_size=5000&ordering=start_date,start_time,id'>", "status_code": 401}
{"timestamp": "2026-09-16T19:05:15+0530", "level": "WARNING", "logger": "django.request", "message": "Unauthorized: /api/auth/refresh/", "taskName": null, "request": "<WSGIRequest: POST '/api/auth/refresh/'>", "status_code": 401}
{"timestamp": "2026-09-16T19:05:19+0530", "level": "WARNING", "logger": "django.request", "message": "Unauthorized: /api/auth/login/", "taskName": null, "request": "<WSGIRequest: POST '/api/auth/login/'>", "status_code": 401}
{"timestamp": "2026-09-16T19:20:51+0530", "level": "WARNING", "logger": "django.request", "message": "Unauthorized: /api/notifications/summary/", "taskName": null, "request": "<WSGIRequest: GET '/api/notifications/summary/'>", "status_code": 401}
{"timestamp": "2026-09-16T19:30:53+0530", "level": "WARNING", "logger": "django.request", "message": "Unauthorized: /api/notifications/summary/", "taskName": null, "request": "<WSGIRequest: GET '/api/notifications/summary/'>", "status_code": 401}
{"timestamp": "2026-09-16T19:36:13+0530", "level": "WARNING", "logger": "django.request", "message": "Unauthorized: /api/notifications/summary/", "taskName": null, "request": "<WSGIRequest: GET '/api/notifications/summary/'>", "status_code": 401}
{"timestamp": "2026-09-16T19:51:41+0530", "level": "WARNING", "logger": "django.request", "message": "Unauthorized: /api/notifications/summary/", "taskName": null, "request": "<WSGIRequest: GET '/api/notifications/summary/'>", "status_code": 401}
{"timestamp": "2026-09-16T20:07:03+0530", "level": "WARNING", "logger": "django.request", "message": "Unauthorized: /api/notifications/summary/", "taskName": null, "request": "<WSGIRequest: GET '/api/notifications/summary/'>", "status_code": 401}
{"timestamp": "2026-09-16T20:22:25+0530", "level": "WARNING", "logger": "django.request", "message": "Unauthorized: /api/notifications/summary/", "taskName": null, "request": "<WSGIRequest: GET '/api/notifications/summary/'>", "status_code": 401}
{"timestamp": "2026-09-16T20:37:47+0530", "level": "WARNING", "logger": "django.request", "message": "Unauthorized: /api/notifications/summary/", "taskName": null, "request": "<WSGIRequest: GET '/api/notifications/summary/'>", "status_code": 401}
{"timestamp": "2026-09-16T20:53:08+0530", "level": "WARNING", "logger": "django.request", "message": "Unauthorized: /api/notifications/summary/", "taskName": null, "request": "<WSGIRequest: GET '/api/notifications/summary/'>", "status_code": 401}
{"timestamp": "2026-09-16T21:08:31+0530", "level": "WARNING", "logger": "django.request", "message": "Unauthorized: /api/notifications/summary/", "taskName": null, "request": "<WSGIRequest: GET '/api/notifications/summary/'>", "status_code": 401}
{"timestamp": "2026-09-16T21:23:54+0530", "level": "WARNING", "logger": "django.request", "message": "Unauthorized: /api/notifications/summary/", "taskName": null, "request": "<WSGIRequest: GET '/api/notifications/summary/'>", "status_code": 401}
{"timestamp": "2026-09-16T21:38:57+0530", "level": "WARNING", "logger": "django.request", "message": "Unauthorized: /api/notifications/summary/", "taskName": null, "request": "<WSGIRequest: GET '/api/notifications/summary/'>", "status_code": 401}
{"timestamp": "2026-09-16T21:54:20+0530", "level": "WARNING", "logger": "django.request", "message": "Unauthorized: /api/notifications/summary/", "taskName": null, "request": "<WSGIRequest: GET '/api/notifications/summary/'>", "status_code": 401}
{"timestamp": "2026-09-16T22:09:44+0530", "level": "WARNING", "logger": "django.request", "message": "Unauthorized: /api/notifications/summary/", "taskName": null, "request": "<WSGIRequest: GET '/api/notifications/summary/'>", "status_code": 401}
{"timestamp": "2026-09-16T22:15:37+0530", "level": "WARNING", "logger": "django.request", "message": "Unauthorized: /api/notifications/summary/", "taskName": null, "request": "<WSGIRequest: GET '/api/notifications/summary/'>", "status_code": 401}
{"timestamp": "2026-09-16T22:15:37+0530", "level": "WARNING", "logger": "django.request", "message": "Unauthorized: /api/sales-targets/", "taskName": null, "request": "<WSGIRequest: GET '/api/sales-targets/'>", "status_code": 401}
{"timestamp": "2026-09-16T22:15:37+0530", "level": "WARNING", "logger": "django.request", "message": "Unauthorized: /api/leads/", "taskName": null, "request": "<WSGIRequest: GET '/api/leads/?page_size=500&ordering=-created_at'>", "status_code": 401}
{"timestamp": "2026-09-16T22:15:37+0530", "level": "WARNING", "logger": "django.request", "message": "Unauthorized: /api/bookings/", "taskName": null, "request": "<WSGIRequest: GET '/api/bookings/?page_size=500'>", "status_code": 401}
{"timestamp": "2026-09-16T22:15:37+0530", "level": "WARNING", "logger": "django.request", "message": "Unauthorized: /api/auth/me/", "taskName": null, "request": "<WSGIRequest: GET '/api/auth/me/'>", "status_code": 401}
{"timestamp": "2026-09-16T22:15:37+0530", "level": "WARNING", "logger": "django.request", "message": "Unauthorized: /api/events/", "taskName": null, "request": "<WSGIRequest: GET '/api/events/?page_size=5000&ordering=start_date,start_time,id'>", "status_code": 401}
{"timestamp": "2026-09-16T22:15:37+0530", "level": "WARNING", "logger": "django.request", "message": "Unauthorized: /api/photographers/", "taskName": null, "request": "<WSGIRequest: GET '/api/photographers/?page_size=500'>", "status_code": 401}
{"timestamp": "2026-09-16T22:16:47+0530", "level": "WARNING", "logger": "django.request", "message": "Unauthorized: /api/notifications/summary/", "taskName": null, "request": "<WSGIRequest: GET '/api/notifications/summary/'>", "status_code": 401}
{"timestamp": "2026-09-16T22:16:48+0530", "level": "WARNING", "logger": "django.request", "message": "Unauthorized: /api/auth/refresh/", "taskName": null, "request": "<WSGIRequest: POST '/api/auth/refresh/'>", "status_code": 401}
{"timestamp": "2026-09-16T22:25:05+0530", "level": "WARNING", "logger": "django.request", "message": "Unauthorized: /api/notifications/summary/", "taskName": null, "request": "<WSGIRequest: GET '/api/notifications/summary/'>", "status_code": 401}
{"timestamp": "2026-09-16T22:33:13+0530", "level": "WARNING", "logger": "django.request", "message": "Unauthorized: /api/notifications/summary/", "taskName": null, "request": "<WSGIRequest: GET '/api/notifications/summary/'>", "status_code": 401}
{"timestamp": "2026-09-16T22:40:30+0530", "level": "WARNING", "logger": "django.request", "message": "Unauthorized: /api/notifications/summary/", "taskName": null, "request": "<WSGIRequest: GET '/api/notifications/summary/'>", "status_code": 401}
{"timestamp": "2026-09-16T22:48:43+0530", "level": "WARNING", "logger": "django.request", "message": "Unauthorized: /api/dashboard/", "taskName": null, "request": "<WSGIRequest: GET '/api/dashboard/'>", "status_code": 401}
{"timestamp": "2026-09-16T22:48:43+0530", "level": "WARNING", "logger": "django.request", "message": "Unauthorized: /api/reports/revenue/", "taskName": null, "request": "<WSGIRequest: GET '/api/reports/revenue/?months=6'>", "status_code": 401}
{"timestamp": "2026-09-16T22:48:43+0530", "level": "WARNING", "logger": "django.request", "message": "Unauthorized: /api/dashboard/", "taskName": null, "request": "<WSGIRequest: GET '/api/dashboard/'>", "status_code": 401}
{"timestamp": "2026-09-16T22:48:43+0530", "level": "WARNING", "logger": "django.request", "message": "Unauthorized: /api/reports/revenue/", "taskName": null, "request": "<WSGIRequest: GET '/api/reports/revenue/?months=6'>", "status_code": 401}
{"timestamp": "2026-09-16T22:55:51+0530", "level": "WARNING", "logger": "django.request", "message": "Unauthorized: /api/notifications/summary/", "taskName": null, "request": "<WSGIRequest: GET '/api/notifications/summary/'>", "status_code": 401}
{"timestamp": "2026-09-16T23:04:24+0530", "level": "WARNING", "logger": "django.request", "message": "Unauthorized: /api/notifications/summary/", "taskName": null, "request": "<WSGIRequest: GET '/api/notifications/summary/'>", "status_code": 401}
{"timestamp": "2026-09-16T23:11:16+0530", "level": "WARNING", "logger": "django.request", "message": "Unauthorized: /api/notifications/summary/", "taskName": null, "request": "<WSGIRequest: GET '/api/notifications/summary/'>", "status_code": 401}
{"timestamp": "2026-09-16T23:19:42+0530", "level": "WARNING", "logger": "django.request", "message": "Unauthorized: /api/notifications/summary/", "taskName": null, "request": "<WSGIRequest: GET '/api/notifications/summary/'>", "status_code": 401}
{"timestamp": "2026-09-16T23:26:46+0530", "level": "WARNING", "logger": "django.request", "message": "Unauthorized: /api/notifications/summary/", "taskName": null, "request": "<WSGIRequest: GET '/api/notifications/summary/'>", "status_code": 401}
{"timestamp": "2026-09-16T23:42:14+0530", "level": "WARNING", "logger": "django.request", "message": "Unauthorized: /api/notifications/summary/", "taskName": null, "request": "<WSGIRequest: GET '/api/notifications/summary/'>", "status_code": 401}
{"timestamp": "2026-09-16T23:57:39+0530", "level": "WARNING", "logger": "django.request", "message": "Unauthorized: /api/notifications/summary/", "taskName": null, "request": "<WSGIRequest: GET '/api/notifications/summary/'>", "status_code": 401}
{"timestamp": "2026-09-17T00:13:02+0530", "level": "WARNING", "logger": "django.request", "message": "Unauthorized: /api/notifications/summary/", "taskName": null, "request": "<WSGIRequest: GET '/api/notifications/summary/'>", "status_code": 401}
{"timestamp": "2026-09-17T00:25:13+0530", "level": "WARNING", "logger": "django.request", "message": "Unauthorized: /api/notifications/summary/", "taskName": null, "request": "<WSGIRequest: GET '/api/notifications/summary/'>", "status_code": 401}
{"timestamp": "2026-09-17T00:28:23+0530", "level": "WARNING", "logger": "django.request", "message": "Unauthorized: /api/notifications/summary/", "taskName": null, "request": "<WSGIRequest: GET '/api/notifications/summary/'>", "status_code": 401}
{"timestamp": "2026-09-17T00:43:45+0530", "level": "WARNING", "logger": "django.request", "message": "Unauthorized: /api/notifications/summary/", "taskName": null, "request": "<WSGIRequest: GET '/api/notifications/summary/'>", "status_code": 401}
{"timestamp": "2026-09-17T00:44:44+0530", "level": "WARNING", "logger": "django.request", "message": "Unauthorized: /api/notifications/summary/", "taskName": null, "request": "<WSGIRequest: GET '/api/notifications/summary/'>", "status_code": 401}
{"timestamp": "2026-09-17T00:59:04+0530", "level": "WARNING", "logger": "django.request", "message": "Unauthorized: /api/notifications/summary/", "taskName": null, "request": "<WSGIRequest: GET '/api/notifications/summary/'>", "status_code": 401}
{"timestamp": "2026-09-17T01:12:42+0530", "level": "WARNING", "logger": "django.request", "message": "Unauthorized: /api/notifications/summary/", "taskName": null, "request": "<WSGIRequest: GET '/api/notifications/summary/'>", "status_code": 401}
{"timestamp": "2026-09-17T01:14:25+0530", "level": "WARNING", "logger": "django.request", "message": "Unauthorized: /api/notifications/summary/", "taskName": null, "request": "<WSGIRequest: GET '/api/notifications/summary/'>", "status_code": 401}
{"timestamp": "2026-09-17T01:28:01+0530", "level": "WARNING", "logger": "django.request", "message": "Unauthorized: /api/notifications/summary/", "taskName": null, "request": "<WSGIRequest: GET '/api/notifications/summary/'>", "status_code": 401}
{"timestamp": "2026-09-17T01:29:45+0530", "level": "WARNING", "logger": "django.request", "message": "Unauthorized: /api/notifications/summary/", "taskName": null, "request": "<WSGIRequest: GET '/api/notifications/summary/'>", "status_code": 401}
{"timestamp": "2026-09-17T01:43:47+0530", "level": "WARNING", "logger": "django.request", "message": "Unauthorized: /api/notifications/summary/", "taskName": null, "request": "<WSGIRequest: GET '/api/notifications/summary/'>", "status_code": 401}
{"timestamp": "2026-09-17T01:45:06+0530", "level": "WARNING", "logger": "django.request", "message": "Unauthorized: /api/notifications/summary/", "taskName": null, "request": "<WSGIRequest: GET '/api/notifications/summary/'>", "status_code": 401}
{"timestamp": "2026-09-17T02:00:00+0530", "level": "WARNING", "logger": "django.request", "message": "Unauthorized: /api/notifications/summary/", "taskName": null, "request": "<WSGIRequest: GET '/api/notifications/summary/'>", "status_code": 401}
{"timestamp": "2026-09-17T02:00:27+0530", "level": "WARNING", "logger": "django.request", "message": "Unauthorized: /api/notifications/summary/", "taskName": null, "request": "<WSGIRequest: GET '/api/notifications/summary/'>", "status_code": 401}
{"timestamp": "2026-09-17T02:15:40+0530", "level": "WARNING", "logger": "django.request", "message": "Unauthorized: /api/notifications/summary/", "taskName": null, "request": "<WSGIRequest: GET '/api/notifications/summary/'>", "status_code": 401}
{"timestamp": "2026-09-17T02:15:40+0530", "level": "WARNING", "logger": "django.request", "message": "Unauthorized: /api/leads/", "taskName": null, "request": "<WSGIRequest: GET '/api/leads/?page_size=500&ordering=-created_at'>", "status_code": 401}
{"timestamp": "2026-09-17T02:15:40+0530", "level": "WARNING", "logger": "django.request", "message": "Unauthorized: /api/bookings/", "taskName": null, "request": "<WSGIRequest: GET '/api/bookings/?page_size=500'>", "status_code": 401}
{"timestamp": "2026-09-17T02:15:40+0530", "level": "WARNING", "logger": "django.request", "message": "Unauthorized: /api/sales-targets/", "taskName": null, "request": "<WSGIRequest: GET '/api/sales-targets/'>", "status_code": 401}
{"timestamp": "2026-09-17T02:15:40+0530", "level": "WARNING", "logger": "django.request", "message": "Unauthorized: /api/auth/me/", "taskName": null, "request": "<WSGIRequest: GET '/api/auth/me/'>", "status_code": 401}
{"timestamp": "2026-09-17T02:15:40+0530", "level": "WARNING", "logger": "django.request", "message": "Unauthorized: /api/events/", "taskName": null, "request": "<WSGIRequest: GET '/api/events/?page_size=5000&ordering=start_date,start_time,id'>", "status_code": 401}
{"timestamp": "2026-09-17T02:15:40+0530", "level": "WARNING", "logger": "django.request", "message": "Unauthorized: /api/photographers/", "taskName": null, "request": "<WSGIRequest: GET '/api/photographers/?page_size=500'>", "status_code": 401}
{"timestamp": "2026-09-17T02:19:38+0530", "level": "WARNING", "logger": "django.request", "message": "Unauthorized: /api/notifications/summary/", "taskName": null, "request": "<WSGIRequest: GET '/api/notifications/summary/'>", "status_code": 401}
{"timestamp": "2026-09-17T02:35:27+0530", "level": "WARNING", "logger": "django.request", "message": "Unauthorized: /api/notifications/summary/", "taskName": null, "request": "<WSGIRequest: GET '/api/notifications/summary/'>", "status_code": 401}
{"timestamp": "2026-09-17T02:45:16+0530", "level": "WARNING", "logger": "django.request", "message": "Unauthorized: /api/events/", "taskName": null, "request": "<WSGIRequest: GET '/api/events/?calendar_from=2026-09-28&calendar_to=2026-11-08&calendar_month=2026-10&ordering=start_date,start_time,id&page=1&page_size=500'>", "status_code": 401}
{"timestamp": "2026-09-17T02:45:16+0530", "level": "WARNING", "logger": "django.request", "message": "Unauthorized: /api/notifications/summary/", "taskName": null, "request": "<WSGIRequest: GET '/api/notifications/summary/'>", "status_code": 401}
{"timestamp": "2026-09-17T02:52:08+0530", "level": "WARNING", "logger": "django.request", "message": "Unauthorized: /api/notifications/summary/", "taskName": null, "request": "<WSGIRequest: GET '/api/notifications/summary/'>", "status_code": 401}
{"timestamp": "2026-09-17T03:00:42+0530", "level": "WARNING", "logger": "django.request", "message": "Unauthorized: /api/notifications/summary/", "taskName": null, "request": "<WSGIRequest: GET '/api/notifications/summary/'>", "status_code": 401}
{"timestamp": "2026-09-17T03:10:39+0530", "level": "WARNING", "logger": "django.request", "message": "Unauthorized: /api/notifications/summary/", "taskName": null, "request": "<WSGIRequest: GET '/api/notifications/summary/'>", "status_code": 401}
{"timestamp": "2026-09-17T03:16:06+0530", "level": "WARNING", "logger": "django.request", "message": "Unauthorized: /api/notifications/summary/", "taskName": null, "request": "<WSGIRequest: GET '/api/notifications/summary/'>", "status_code": 401}
{"timestamp": "2026-09-17T03:30:54+0530", "level": "WARNING", "logger": "django.request", "message": "Unauthorized: /api/notifications/summary/", "taskName": null, "request": "<WSGIRequest: GET '/api/notifications/summary/'>", "status_code": 401}
{"timestamp": "2026-09-17T03:31:26+0530", "level": "WARNING", "logger": "django.request", "message": "Unauthorized: /api/notifications/summary/", "taskName": null, "request": "<WSGIRequest: GET '/api/notifications/summary/'>", "status_code": 401}
{"timestamp": "2026-09-17T03:46:47+0530", "level": "WARNING", "logger": "django.request", "message": "Unauthorized: /api/notifications/summary/", "taskName": null, "request": "<WSGIRequest: GET '/api/notifications/summary/'>", "status_code": 401}
{"timestamp": "2026-09-17T04:02:08+0530", "level": "WARNING", "logger": "django.request", "message": "Unauthorized: /api/notifications/summary/", "taskName": null, "request": "<WSGIRequest: GET '/api/notifications/summary/'>", "status_code": 401}
{"timestamp": "2026-09-17T04:17:29+0530", "level": "WARNING", "logger": "django.request", "message": "Unauthorized: /api/notifications/summary/", "taskName": null, "request": "<WSGIRequest: GET '/api/notifications/summary/'>", "status_code": 401}
{"timestamp": "2026-09-17T04:32:51+0530", "level": "WARNING", "logger": "django.request", "message": "Unauthorized: /api/notifications/summary/", "taskName": null, "request": "<WSGIRequest: GET '/api/notifications/summary/'>", "status_code": 401}
{"timestamp": "2026-09-17T04:48:14+0530", "level": "WARNING", "logger": "django.request", "message": "Unauthorized: /api/notifications/summary/", "taskName": null, "request": "<WSGIRequest: GET '/api/notifications/summary/'>", "status_code": 401}
{"timestamp": "2026-09-17T05:03:36+0530", "level": "WARNING", "logger": "django.request", "message": "Unauthorized: /api/notifications/summary/", "taskName": null, "request": "<WSGIRequest: GET '/api/notifications/summary/'>", "status_code": 401}
{"timestamp": "2026-09-17T05:18:57+0530", "level": "WARNING", "logger": "django.request", "message": "Unauthorized: /api/notifications/summary/", "taskName": null, "request": "<WSGIRequest: GET '/api/notifications/summary/'>", "status_code": 401}
{"timestamp": "2026-09-17T05:34:19+0530", "level": "WARNING", "logger": "django.request", "message": "Unauthorized: /api/notifications/summary/", "taskName": null, "request": "<WSGIRequest: GET '/api/notifications/summary/'>", "status_code": 401}
{"timestamp": "2026-09-17T05:49:41+0530", "level": "WARNING", "logger": "django.request", "message": "Unauthorized: /api/notifications/summary/", "taskName": null, "request": "<WSGIRequest: GET '/api/notifications/summary/'>", "status_code": 401}
{"timestamp": "2026-09-17T06:05:02+0530", "level": "WARNING", "logger": "django.request", "message": "Unauthorized: /api/notifications/summary/", "taskName": null, "request": "<WSGIRequest: GET '/api/notifications/summary/'>", "status_code": 401}
{"timestamp": "2026-09-17T06:20:25+0530", "level": "WARNING", "logger": "django.request", "message": "Unauthorized: /api/notifications/summary/", "taskName": null, "request": "<WSGIRequest: GET '/api/notifications/summary/'>", "status_code": 401}
{"timestamp": "2026-09-17T06:35:46+0530", "level": "WARNING", "logger": "django.request", "message": "Unauthorized: /api/notifications/summary/", "taskName": null, "request": "<WSGIRequest: GET '/api/notifications/summary/'>", "status_code": 401}
{"timestamp": "2026-09-17T06:51:06+0530", "level": "WARNING", "logger": "django.request", "message": "Unauthorized: /api/notifications/summary/", "taskName": null, "request": "<WSGIRequest: GET '/api/notifications/summary/'>", "status_code": 401}
{"timestamp": "2026-09-17T07:06:28+0530", "level": "WARNING", "logger": "django.request", "message": "Unauthorized: /api/notifications/summary/", "taskName": null, "request": "<WSGIRequest: GET '/api/notifications/summary/'>", "status_code": 401}
{"timestamp": "2026-09-17T07:21:50+0530", "level": "WARNING", "logger": "django.request", "message": "Unauthorized: /api/notifications/summary/", "taskName": null, "request": "<WSGIRequest: GET '/api/notifications/summary/'>", "status_code": 401}
{"timestamp": "2026-09-17T07:37:12+0530", "level": "WARNING", "logger": "django.request", "message": "Unauthorized: /api/notifications/summary/", "taskName": null, "request": "<WSGIRequest: GET '/api/notifications/summary/'>", "status_code": 401}
{"timestamp": "2026-09-17T07:52:34+0530", "level": "WARNING", "logger": "django.request", "message": "Unauthorized: /api/notifications/summary/", "taskName": null, "request": "<WSGIRequest: GET '/api/notifications/summary/'>", "status_code": 401}
{"timestamp": "2026-09-17T08:07:56+0530", "level": "WARNING", "logger": "django.request", "message": "Unauthorized: /api/notifications/summary/", "taskName": null, "request": "<WSGIRequest: GET '/api/notifications/summary/'>", "status_code": 401}
{"timestamp": "2026-09-17T08:23:18+0530", "level": "WARNING", "logger": "django.request", "message": "Unauthorized: /api/notifications/summary/", "taskName": null, "request": "<WSGIRequest: GET '/api/notifications/summary/'>", "status_code": 401}
{"timestamp": "2026-09-17T08:38:40+0530", "level": "WARNING", "logger": "django.request", "message": "Unauthorized: /api/notifications/summary/", "taskName": null, "request": "<WSGIRequest: GET '/api/notifications/summary/'>", "status_code": 401}
{"timestamp": "2026-09-17T08:54:02+0530", "level": "WARNING", "logger": "django.request", "message": "Unauthorized: /api/notifications/summary/", "taskName": null, "request": "<WSGIRequest: GET '/api/notifications/summary/'>", "status_code": 401}
{"timestamp": "2026-09-17T09:09:24+0530", "level": "WARNING", "logger": "django.request", "message": "Unauthorized: /api/notifications/summary/", "taskName": null, "request": "<WSGIRequest: GET '/api/notifications/summary/'>", "status_code": 401}
{"timestamp": "2026-09-17T09:24:47+0530", "level": "WARNING", "logger": "django.request", "message": "Unauthorized: /api/notifications/summary/", "taskName": null, "request": "<WSGIRequest: GET '/api/notifications/summary/'>", "status_code": 401}
{"timestamp": "2026-09-17T09:40:09+0530", "level": "WARNING", "logger": "django.request", "message": "Unauthorized: /api/notifications/summary/", "taskName": null, "request": "<WSGIRequest: GET '/api/notifications/summary/'>", "status_code": 401}
{"timestamp": "2026-09-17T09:55:30+0530", "level": "WARNING", "logger": "django.request", "message": "Unauthorized: /api/notifications/summary/", "taskName": null, "request": "<WSGIRequest: GET '/api/notifications/summary/'>", "status_code": 401}
{"timestamp": "2026-09-17T10:10:52+0530", "level": "WARNING", "logger": "django.request", "message": "Unauthorized: /api/notifications/summary/", "taskName": null, "request": "<WSGIRequest: GET '/api/notifications/summary/'>", "status_code": 401}
{"timestamp": "2026-09-17T10:26:14+0530", "level": "WARNING", "logger": "django.request", "message": "Unauthorized: /api/notifications/summary/", "taskName": null, "request": "<WSGIRequest: GET '/api/notifications/summary/'>", "status_code": 401}
{"timestamp": "2026-09-17T10:41:35+0530", "level": "WARNING", "logger": "django.request", "message": "Unauthorized: /api/notifications/summary/", "taskName": null, "request": "<WSGIRequest: GET '/api/notifications/summary/'>", "status_code": 401}
{"timestamp": "2026-09-17T10:45:53+0530", "level": "WARNING", "logger": "django.request", "message": "Unauthorized: /api/notifications/summary/", "taskName": null, "request": "<WSGIRequest: GET '/api/notifications/summary/'>", "status_code": 401}
{"timestamp": "2026-09-17T10:56:56+0530", "level": "WARNING", "logger": "django.request", "message": "Unauthorized: /api/notifications/summary/", "taskName": null, "request": "<WSGIRequest: GET '/api/notifications/summary/'>", "status_code": 401}
{"timestamp": "2026-09-17T11:03:48+0530", "level": "WARNING", "logger": "django.request", "message": "Unauthorized: /api/notifications/summary/", "taskName": null, "request": "<WSGIRequest: GET '/api/notifications/summary/'>", "status_code": 401}
{"timestamp": "2026-09-17T11:12:16+0530", "level": "WARNING", "logger": "django.request", "message": "Unauthorized: /api/notifications/summary/", "taskName": null, "request": "<WSGIRequest: GET '/api/notifications/summary/'>", "status_code": 401}
{"timestamp": "2026-09-17T11:27:38+0530", "level": "WARNING", "logger": "django.request", "message": "Unauthorized: /api/notifications/summary/", "taskName": null, "request": "<WSGIRequest: GET '/api/notifications/summary/'>", "status_code": 401}
{"timestamp": "2026-09-17T11:43:00+0530", "level": "WARNING", "logger": "django.request", "message": "Unauthorized: /api/notifications/summary/", "taskName": null, "request": "<WSGIRequest: GET '/api/notifications/summary/'>", "status_code": 401}
{"timestamp": "2026-09-17T11:58:22+0530", "level": "WARNING", "logger": "django.request", "message": "Unauthorized: /api/notifications/summary/", "taskName": null, "request": "<WSGIRequest: GET '/api/notifications/summary/'>", "status_code": 401}
{"timestamp": "2026-09-17T12:13:45+0530", "level": "WARNING", "logger": "django.request", "message": "Unauthorized: /api/notifications/summary/", "taskName": null, "request": "<WSGIRequest: GET '/api/notifications/summary/'>", "status_code": 401}
{"timestamp": "2026-09-17T12:24:20+0530", "level": "WARNING", "logger": "django.request", "message": "Unauthorized: /api/notifications/summary/", "taskName": null, "request": "<WSGIRequest: GET '/api/notifications/summary/'>", "status_code": 401}
{"timestamp": "2026-09-17T12:29:06+0530", "level": "WARNING", "logger": "django.request", "message": "Unauthorized: /api/notifications/summary/", "taskName": null, "request": "<WSGIRequest: GET '/api/notifications/summary/'>", "status_code": 401}
{"timestamp": "2026-09-17T12:39:47+0530", "level": "WARNING", "logger": "django.request", "message": "Unauthorized: /api/customers/", "taskName": null, "request": "<WSGIRequest: GET '/api/customers/?page_size=500'>", "status_code": 401}
{"timestamp": "2026-09-17T12:39:47+0530", "level": "WARNING", "logger": "django.request", "message": "Unauthorized: /api/leads/", "taskName": null, "request": "<WSGIRequest: GET '/api/leads/?page_size=500&ordering=-created_at'>", "status_code": 401}
{"timestamp": "2026-09-17T12:39:47+0530", "level": "WARNING", "logger": "django.request", "message": "Unauthorized: /api/payments/", "taskName": null, "request": "<WSGIRequest: GET '/api/payments/?page_size=500&ordering=-paid_at'>", "status_code": 401}
{"timestamp": "2026-09-17T12:39:47+0530", "level": "WARNING", "logger": "django.request", "message": "Unauthorized: /api/bookings/", "taskName": null, "request": "<WSGIRequest: GET '/api/bookings/?page_size=500'>", "status_code": 401}
{"timestamp": "2026-09-17T12:39:47+0530", "level": "WARNING", "logger": "django.request", "message": "Unauthorized: /api/events/", "taskName": null, "request": "<WSGIRequest: GET '/api/events/?page_size=500'>", "status_code": 401}
{"timestamp": "2026-09-17T12:39:47+0530", "level": "WARNING", "logger": "django.request", "message": "Unauthorized: /api/payment-reminders/", "taskName": null, "request": "<WSGIRequest: GET '/api/payment-reminders/?page_size=500'>", "status_code": 401}
{"timestamp": "2026-09-17T12:44:27+0530", "level": "WARNING", "logger": "django.request", "message": "Unauthorized: /api/notifications/summary/", "taskName": null, "request": "<WSGIRequest: GET '/api/notifications/summary/'>", "status_code": 401}
{"timestamp": "2026-09-17T12:55:02+0530", "level": "WARNING", "logger": "django.request", "message": "Unauthorized: /api/client-portal/access/", "taskName": null, "request": "<WSGIRequest: GET '/api/client-portal/access/?booking=227'>", "status_code": 401}
{"timestamp": "2026-09-17T13:07:07+0530", "level": "WARNING", "logger": "django.request", "message": "Unauthorized: /api/notifications/summary/", "taskName": null, "request": "<WSGIRequest: GET '/api/notifications/summary/'>", "status_code": 401}
