Watching for file changes with StatReloader
[08/Sep/2026 11:31:41] "GET /api/health/ HTTP/1.1" 200 63
[08/Sep/2026 11:32:03] "OPTIONS /api/auth/login/ HTTP/1.1" 200 0
[08/Sep/2026 11:32:05] "POST /api/auth/login/ HTTP/1.1" 200 931
[08/Sep/2026 11:32:05] "OPTIONS /api/notifications/summary/ HTTP/1.1" 200 0
[08/Sep/2026 11:32:05] "OPTIONS /api/leads/?page_size=500&ordering=-created_at HTTP/1.1" 200 0
[08/Sep/2026 11:32:05] "OPTIONS /api/bookings/?page_size=500 HTTP/1.1" 200 0
[08/Sep/2026 11:32:05] "OPTIONS /api/sales-targets/ HTTP/1.1" 200 0
[08/Sep/2026 11:32:05] "OPTIONS /api/auth/me/ HTTP/1.1" 200 0
[08/Sep/2026 11:32:06] "GET /api/auth/me/ HTTP/1.1" 200 298
[08/Sep/2026 11:32:06] "GET /api/notifications/summary/ HTTP/1.1" 200 2290
[08/Sep/2026 11:32:06] "GET /api/sales-targets/ HTTP/1.1" 200 1182
[08/Sep/2026 11:32:06] "GET /api/bookings/?page_size=500 HTTP/1.1" 200 32276
[08/Sep/2026 11:32:17] "GET /api/leads/?page_size=500&ordering=-created_at HTTP/1.1" 200 72811
[08/Sep/2026 11:32:36] "GET /api/notifications/summary/ HTTP/1.1" 200 2290
[08/Sep/2026 11:33:07] "GET /api/notifications/summary/ HTTP/1.1" 200 2290
[08/Sep/2026 11:33:37] "GET /api/notifications/summary/ HTTP/1.1" 200 2290
[08/Sep/2026 11:34:08] "GET /api/notifications/summary/ HTTP/1.1" 200 2290
[08/Sep/2026 11:34:39] "GET /api/notifications/summary/ HTTP/1.1" 200 2290
[08/Sep/2026 11:35:09] "GET /api/notifications/summary/ HTTP/1.1" 200 2290
[08/Sep/2026 11:35:40] "GET /api/notifications/summary/ HTTP/1.1" 200 2290
[08/Sep/2026 11:36:11] "GET /api/notifications/summary/ HTTP/1.1" 200 2290
[08/Sep/2026 11:36:41] "GET /api/notifications/summary/ HTTP/1.1" 200 2290
[08/Sep/2026 11:37:12] "GET /api/notifications/summary/ HTTP/1.1" 200 2290
[08/Sep/2026 11:37:42] "GET /api/notifications/summary/ HTTP/1.1" 200 2290
[08/Sep/2026 11:38:13] "GET /api/notifications/summary/ HTTP/1.1" 200 2290
[08/Sep/2026 11:38:44] "GET /api/notifications/summary/ HTTP/1.1" 200 2290
[08/Sep/2026 11:39:15] "GET /api/notifications/summary/ HTTP/1.1" 200 2290
[08/Sep/2026 11:39:45] "GET /api/notifications/summary/ HTTP/1.1" 200 2290
[08/Sep/2026 11:40:16] "GET /api/notifications/summary/ HTTP/1.1" 200 2290
[08/Sep/2026 11:40:46] "GET /api/notifications/summary/ HTTP/1.1" 200 2290
[08/Sep/2026 11:41:17] "GET /api/notifications/summary/ HTTP/1.1" 200 2290
[08/Sep/2026 11:41:48] "GET /api/notifications/summary/ HTTP/1.1" 200 2290
[08/Sep/2026 11:42:18] "GET /api/notifications/summary/ HTTP/1.1" 200 2290
[08/Sep/2026 11:42:49] "GET /api/notifications/summary/ HTTP/1.1" 200 2290
[08/Sep/2026 11:43:13] "OPTIONS /api/events/?page_size=2000&ordering=start_date,start_time,id HTTP/1.1" 200 0
[08/Sep/2026 11:43:13] "OPTIONS /api/photographers/?page_size=500 HTTP/1.1" 200 0
[08/Sep/2026 11:43:14] "GET /api/photographers/?page_size=500 HTTP/1.1" 200 23552
[08/Sep/2026 11:43:15] "GET /api/events/?page_size=2000&ordering=start_date,start_time,id HTTP/1.1" 200 83692
[08/Sep/2026 11:43:20] "GET /api/notifications/summary/ HTTP/1.1" 200 2290
[08/Sep/2026 11:43:50] "GET /api/notifications/summary/ HTTP/1.1" 200 2290
[08/Sep/2026 11:43:51] "OPTIONS /api/events/?start_date__gte=2026-08-31&start_date__lte=2026-10-11&ordering=start_date,start_time,id&page=1&page_size=500 HTTP/1.1" 200 0
[08/Sep/2026 11:43:53] "GET /api/events/?start_date__gte=2026-08-31&start_date__lte=2026-10-11&ordering=start_date,start_time,id&page=1&page_size=500 HTTP/1.1" 200 13795
[08/Sep/2026 11:44:21] "GET /api/notifications/summary/ HTTP/1.1" 200 2290
Unauthorized: /api/notifications/summary/
[08/Sep/2026 11:53:41] "GET /api/notifications/summary/ HTTP/1.1" 401 172
[08/Sep/2026 11:53:41] "OPTIONS /api/auth/refresh/ HTTP/1.1" 200 0
[08/Sep/2026 11:53:43] "POST /api/auth/refresh/ HTTP/1.1" 200 625
[08/Sep/2026 11:53:43] "GET /api/auth/me/ HTTP/1.1" 200 298
[08/Sep/2026 11:53:43] "GET /api/notifications/summary/ HTTP/1.1" 200 2290
[08/Sep/2026 11:53:50] "GET /api/auth/me/ HTTP/1.1" 200 298
[08/Sep/2026 11:53:50] "GET /api/sales-targets/ HTTP/1.1" 200 1182
[08/Sep/2026 11:53:50] "GET /api/notifications/summary/ HTTP/1.1" 200 2290
[08/Sep/2026 11:53:50] "GET /api/bookings/?page_size=500 HTTP/1.1" 200 32276
[08/Sep/2026 11:53:57,974] - Broken pipe from ('127.0.0.1', 60918)
[08/Sep/2026 11:54:00] "GET /api/photographers/?page_size=500 HTTP/1.1" 200 23552
[08/Sep/2026 11:54:01] "GET /api/leads/?page_size=500&ordering=-created_at HTTP/1.1" 200 72811
[08/Sep/2026 11:54:02] "GET /api/events/?page_size=2000&ordering=start_date,start_time,id HTTP/1.1" 200 83692
[08/Sep/2026 12:03:26] "GET /api/notifications/summary/ HTTP/1.1" 200 2290
[08/Sep/2026 12:03:28] "GET /api/auth/me/ HTTP/1.1" 200 298
[08/Sep/2026 12:03:28] "GET /api/notifications/summary/ HTTP/1.1" 200 2290
[08/Sep/2026 12:03:28] "GET /api/sales-targets/ HTTP/1.1" 200 1182
[08/Sep/2026 12:03:28] "GET /api/bookings/?page_size=500 HTTP/1.1" 200 32276
[08/Sep/2026 12:03:39] "GET /api/leads/?page_size=500&ordering=-created_at HTTP/1.1" 200 72811
[08/Sep/2026 12:03:55] "GET /api/photographers/?page_size=500 HTTP/1.1" 200 23552
[08/Sep/2026 12:03:55] "GET /api/events/?page_size=2000&ordering=start_date,start_time,id HTTP/1.1" 200 83692
[08/Sep/2026 12:03:59] "GET /api/notifications/summary/ HTTP/1.1" 200 2290
D:\LenspireCRM-Pro\backend\apps\operations\views.py changed, reloading.
Watching for file changes with StatReloader
[08/Sep/2026 12:05:01] "OPTIONS /api/events/?page_size=5000&ordering=start_date,start_time,id HTTP/1.1" 200 0
[08/Sep/2026 12:05:01] "GET /api/photographers/?page_size=500 HTTP/1.1" 200 36875
[08/Sep/2026 12:05:02] "GET /api/events/?page_size=5000&ordering=start_date,start_time,id HTTP/1.1" 200 2148771
[08/Sep/2026 12:05:04] "GET /api/auth/me/ HTTP/1.1" 200 298
[08/Sep/2026 12:05:04] "GET /api/notifications/summary/ HTTP/1.1" 200 2290
[08/Sep/2026 12:05:04] "GET /api/sales-targets/ HTTP/1.1" 200 1182
[08/Sep/2026 12:05:04] "GET /api/bookings/?page_size=500 HTTP/1.1" 200 32276
[08/Sep/2026 12:05:06] "GET /api/photographers/?page_size=500 HTTP/1.1" 200 36875
[08/Sep/2026 12:05:07] "GET /api/events/?page_size=5000&ordering=start_date,start_time,id HTTP/1.1" 200 2148771
[08/Sep/2026 12:05:16] "GET /api/leads/?page_size=500&ordering=-created_at HTTP/1.1" 200 72811
[08/Sep/2026 12:05:43] "GET /api/events/?start_date__gte=2026-08-31&start_date__lte=2026-10-11&ordering=start_date,start_time,id&page=1&page_size=500 HTTP/1.1" 200 13795
